Component: ARM Compiler 5.05 update 1 (build 106) Tool: armlink [4d0efa]

==============================================================================

Section Cross References

    main.o(i.TIM2_Encoder_Read) refers to timer.o(i.TIM2_Encoder_Write) for TIM2_Encoder_Write
    main.o(i.TIM2_Encoder_Read) refers to delay.o(i.delay_ms) for delay_ms
    main.o(i.init_paras) refers to fdiv.o(x$fpl$fdiv) for __aeabi_fdiv
    main.o(i.init_paras) refers to faddsub_clz.o(x$fpl$fadd) for __aeabi_fadd
    main.o(i.init_paras) refers to fmul.o(x$fpl$fmul) for __aeabi_fmul
    main.o(i.init_paras) refers to main.o(.data) for speed_1
    main.o(i.init_paras) refers to state.o(.data) for target_speed2
    main.o(i.main) refers to _printf_percent.o(.ARM.Collect$$_printf_percent$$00000000) for _printf_percent
    main.o(i.main) refers to _printf_d.o(.ARM.Collect$$_printf_percent$$00000009) for _printf_d
    main.o(i.main) refers to _printf_dec.o(.text) for _printf_int_dec
    main.o(i.main) refers to _printf_pad.o(.text) for _printf_pre_padding
    main.o(i.main) refers to _printf_f.o(.ARM.Collect$$_printf_percent$$00000003) for _printf_f
    main.o(i.main) refers to printf1.o(x$fpl$printf1) for _printf_fp_dec
    main.o(i.main) refers to main.o(i.system_init) for system_init
    main.o(i.main) refers to pwm.o(i.TIM3_PWM_Init) for TIM3_PWM_Init
    main.o(i.main) refers to kicker.o(i.KICK_Init) for KICK_Init
    main.o(i.main) refers to misc.o(i.NVIC_PriorityGroupConfig) for NVIC_PriorityGroupConfig
    main.o(i.main) refers to delay.o(i.delay_init) for delay_init
    main.o(i.main) refers to usart.o(i.uart_init) for uart_init
    main.o(i.main) refers to mpu6050.o(i.MPU_Init) for MPU_Init
    main.o(i.main) refers to pwm.o(i.set_speed_left) for set_speed_left
    main.o(i.main) refers to pwm.o(i.set_speed_right) for set_speed_right
    main.o(i.main) refers to delay.o(i.delay_ms) for delay_ms
    main.o(i.main) refers to noretval__2printf.o(.text) for __2printf
    main.o(i.main) refers to inv_mpu.o(i.mpu_dmp_init) for mpu_dmp_init
    main.o(i.main) refers to traceball.o(i.traceBall_turn) for traceBall_turn
    main.o(i.main) refers to kicker.o(i.KICK) for KICK
    main.o(i.main) refers to inv_mpu.o(i.mpu_dmp_get_data) for mpu_dmp_get_data
    main.o(i.main) refers to mpu6050.o(i.MPU_Get_Accelerometer) for MPU_Get_Accelerometer
    main.o(i.main) refers to mpu6050.o(i.MPU_Get_Gyroscope) for MPU_Get_Gyroscope
    main.o(i.main) refers to f2d.o(x$fpl$f2d) for __aeabi_f2d
    main.o(i.main) refers to state.o(.data) for surface_speed2
    main.o(i.system_init) refers to main.o(i.init_paras) for init_paras
    main.o(i.system_init) refers to delay.o(i.delay_init) for delay_init
    main.o(i.system_init) refers to timer.o(i.TIM2_Encoder_Init) for TIM2_Encoder_Init
    main.o(i.system_init) refers to timer.o(i.TIM4_Encoder_Init) for TIM4_Encoder_Init
    main.o(i.system_init) refers to timer.o(i.TIM6_Int_Init) for TIM6_Int_Init
    main.o(i.system_init) refers to timer.o(i.TIM5_Int_Init) for TIM5_Int_Init
    main.o(i.system_init) refers to main.o(.data) for speed_1
    main.o(i.system_init) refers to state.o(.data) for speed1
    system_stm32f10x.o(i.SetSysClock) refers to system_stm32f10x.o(i.SetSysClockTo72) for SetSysClockTo72
    system_stm32f10x.o(i.SystemCoreClockUpdate) refers to system_stm32f10x.o(.data) for SystemCoreClock
    system_stm32f10x.o(i.SystemInit) refers to system_stm32f10x.o(i.SetSysClock) for SetSysClock
    state.o(i.adj_spd) refers to _printf_percent.o(.ARM.Collect$$_printf_percent$$00000000) for _printf_percent
    state.o(i.adj_spd) refers to _printf_d.o(.ARM.Collect$$_printf_percent$$00000009) for _printf_d
    state.o(i.adj_spd) refers to _printf_c.o(.ARM.Collect$$_printf_percent$$00000013) for _printf_c
    state.o(i.adj_spd) refers to _printf_dec.o(.text) for _printf_int_dec
    state.o(i.adj_spd) refers to _printf_str.o(.text) for _printf_str
    state.o(i.adj_spd) refers to noretval__2printf.o(.text) for __2printf
    state.o(i.adj_spd) refers to pwm.o(i.set_speed_left) for set_speed_left
    state.o(i.adj_spd) refers to pwm.o(i.set_speed_right) for set_speed_right
    state.o(i.adj_spd) refers to state.o(.data) for target_speed1
    delay.o(i.delay_init) refers to misc.o(i.SysTick_CLKSourceConfig) for SysTick_CLKSourceConfig
    delay.o(i.delay_init) refers to system_stm32f10x.o(.data) for SystemCoreClock
    delay.o(i.delay_init) refers to delay.o(.data) for fac_us
    delay.o(i.delay_ms) refers to delay.o(.data) for fac_ms
    delay.o(i.delay_us) refers to delay.o(.data) for fac_us
    usart.o(i.USART1_IRQHandler) refers (Special) to use_no_semi_2.o(.text) for __use_no_semihosting
    usart.o(i.USART1_IRQHandler) refers to stm32f10x_usart.o(i.USART_GetITStatus) for USART_GetITStatus
    usart.o(i.USART1_IRQHandler) refers to stm32f10x_usart.o(i.USART_ReceiveData) for USART_ReceiveData
    usart.o(i.USART1_IRQHandler) refers to usart.o(.data) for USART_RX_STA
[...]
    x$fpl$fleqf                              0x08007130   Section      104  fleqf.o(x$fpl$fleqf)
    x$fpl$fmul                               0x08007198   Section      258  fmul.o(x$fpl$fmul)
    x$fpl$fnaninf                            0x0800729a   Section      140  fnaninf.o(x$fpl$fnaninf)
    x$fpl$fretinf                            0x08007326   Section       10  fretinf.o(x$fpl$fretinf)
    x$fpl$frleqf                             0x08007330   Section       98  frleqf.o(x$fpl$frleqf)
    x$fpl$fsub                               0x08007394   Section      234  faddsub_clz.o(x$fpl$fsub)
    _fsub1                                   0x080073a3   Thumb Code     0  faddsub_clz.o(x$fpl$fsub)
    x$fpl$printf1                            0x0800747e   Section        4  printf1.o(x$fpl$printf1)
    x$fpl$retnan                             0x08007482   Section      100  retnan.o(x$fpl$retnan)
    x$fpl$scalbn                             0x080074e6   Section       92  scalbn.o(x$fpl$scalbn)
    x$fpl$trapveneer                         0x08007542   Section       48  trapv.o(x$fpl$trapveneer)
    x$fpl$usenofp                            0x08007572   Section        0  usenofp.o(x$fpl$usenofp)
    .constdata                               0x08007574   Section       80  inv_mpu.o(.constdata)
    .constdata                               0x080075c4   Section     3062  inv_mpu_dmp_motion_driver.o(.constdata)
    dmp_memory                               0x080075c4   Data        3062  inv_mpu_dmp_motion_driver.o(.constdata)
    .constdata                               0x080081ba   Section       17  __printf_flags_wp.o(.constdata)
    maptable                                 0x080081ba   Data          17  __printf_flags_wp.o(.constdata)
    .constdata                               0x080081d0   Section       80  asin.o(.constdata)
    pS                                       0x080081d0   Data          48  asin.o(.constdata)
    qS                                       0x08008200   Data          32  asin.o(.constdata)
    .constdata                               0x08008220   Section      152  atan.o(.constdata)
    atanhi                                   0x08008220   Data          32  atan.o(.constdata)
    atanlo                                   0x08008240   Data          32  atan.o(.constdata)
    aTodd                                    0x08008260   Data          40  atan.o(.constdata)
    aTeven                                   0x08008288   Data          48  atan.o(.constdata)
    .constdata                               0x080082b8   Section        8  qnan.o(.constdata)
    .constdata                               0x080082c0   Section      148  bigflt0.o(.constdata)
    tenpwrs_x                                0x080082c0   Data          60  bigflt0.o(.constdata)
    tenpwrs_i                                0x080082fc   Data          64  bigflt0.o(.constdata)
    .conststring                             0x08008354   Section       77  inv_mpu.o(.conststring)
    locale$$data                             0x080083c4   Section       28  lc_numeric_c.o(locale$$data)
    __lcnum_c_name                           0x080083c8   Data           2  lc_numeric_c.o(locale$$data)
    __lcnum_c_start                          0x080083d0   Data           0  lc_numeric_c.o(locale$$data)
    __lcnum_c_point                          0x080083dc   Data           0  lc_numeric_c.o(locale$$data)
    __lcnum_c_thousands                      0x080083de   Data           0  lc_numeric_c.o(locale$$data)
    __lcnum_c_grouping                       0x080083df   Data           0  lc_numeric_c.o(locale$$data)
    __lcnum_c_end                            0x080083e0   Data           0  lc_numeric_c.o(locale$$data)
    .data                                    0x20000000   Section        4  main.o(.data)
    .data                                    0x20000004   Section       20  system_stm32f10x.o(.data)
    .data                                    0x20000018   Section       80  state.o(.data)
    .data                                    0x20000068   Section        4  delay.o(.data)
    fac_us                                   0x20000068   Data           1  delay.o(.data)
    fac_ms                                   0x2000006a   Data           2  delay.o(.data)
    .data                                    0x2000006c   Section        6  usart.o(.data)
    .data                                    0x20000074   Section       53  inv_mpu.o(.data)
    st                                       0x20000074   Data          44  inv_mpu.o(.data)
    gyro_orientation                         0x200000a0   Data           9  inv_mpu.o(.data)
    .data                                    0x200000a9   Section       20  stm32f10x_rcc.o(.data)
    APBAHBPrescTable                         0x200000a9   Data          16  stm32f10x_rcc.o(.data)
    ADCPrescTable                            0x200000b9   Data           4  stm32f10x_rcc.o(.data)
    .bss                                     0x200000c0   Section      100  state.o(.bss)
    .bss                                     0x20000124   Section      200  usart.o(.bss)
    .bss                                     0x200001ec   Section       16  inv_mpu_dmp_motion_driver.o(.bss)
    dmp                                      0x200001ec   Data          16  inv_mpu_dmp_motion_driver.o(.bss)
    .bss                                     0x200001fc   Section       96  libspace.o(.bss)
    HEAP                                     0x20000260   Section      512  startup_stm32f10x_hd.o(HEAP)
    Heap_Mem                                 0x20000260   Data         512  startup_stm32f10x_hd.o(HEAP)
    STACK                                    0x20000460   Section     1024  startup_stm32f10x_hd.o(STACK)
    Stack_Mem                                0x20000460   Data        1024  startup_stm32f10x_hd.o(STACK)
    __initial_sp                             0x20000860   Data           0  startup_stm32f10x_hd.o(STACK)

    Global Symbols

    Symbol Name                              Value     Ov Type        Size  Object(Section)

    BuildAttributes$$THM_ISAv4$P$D$K$B$S$PE$A:L22UL41UL21$X:L11$S22US41US21$IEEE1$IW$USESV6$~STKCKD$USESV7$~SHL$OTIME$ROPI$IEEEX$EBA8$UX$STANDARDLIB$REQ8$PRES8$EABIv2 0x00000000   Number         0  anon$$obj.o ABSOLUTE
    __ARM_use_no_argv                        0x00000000   Number         0  main.o ABSOLUTE
    _printf_flags                            0x00000000   Number         0  printf_stubs.o ABSOLUTE
    _printf_return_value                     0x00000000   Number         0  printf_stubs.o ABSOLUTE
    _printf_sizespec                         0x00000000   Number         0  printf_stubs.o ABSOLUTE
    _printf_widthprec                        0x00000000   Number         0  printf_stubs.o ABSOLUTE
    __ARM_exceptions_init                     - Undefined Weak Reference
    __alloca_initialize                       - Undefined Weak Reference
    __arm_preinit_                            - Undefined Weak Reference
    __cpp_initialize__aeabi_                  - Undefined Weak Reference
    __cxa_finalize                            - Undefined Weak Reference
    __sigvec_lookup                           - Undefined Weak Reference
    _atexit_init                              - Undefined Weak Reference
    _call_atexit_fns                          - Undefined Weak Reference
    _clock_init                               - Undefined Weak Reference
    _fp_trap_init                             - Undefined Weak Reference
    _fp_trap_shutdown                         - Undefined Weak Reference
    _get_lc_collate                           - Undefined Weak Reference
    _get_lc_ctype                             - Undefined Weak Reference
    _get_lc_monetary                          - Undefined Weak Reference
    _get_lc_time                              - Undefined Weak Reference
    _getenv_init                              - Undefined Weak Reference
    _handle_redirection                       - Undefined Weak Reference
    _init_alloc                               - Undefined Weak Reference
    _init_user_alloc                          - Undefined Weak Reference
    _initio                                   - Undefined Weak Reference
    _mutex_acquire                            - Undefined Weak Reference
    _mutex_release                            - Undefined Weak Reference
    _printf_mbtowc                            - Undefined Weak Reference
    _printf_truncate_signed                   - Undefined Weak Reference
    _printf_truncate_unsigned                 - Undefined Weak Reference
    _rand_init                                - Undefined Weak Reference
    _signal_finish                            - Undefined Weak Reference
    _signal_init                              - Undefined Weak Reference
    _terminate_alloc                          - Undefined Weak Reference
    _terminate_user_alloc                     - Undefined Weak Reference
    _terminateio                              - Undefined Weak Reference
    __Vectors_Size                           0x00000130   Number         0  startup_stm32f10x_hd.o ABSOLUTE
    __Vectors                                0x08000000   Data           4  startup_stm32f10x_hd.o(RESET)
    __Vectors_End                            0x08000130   Data           0  startup_stm32f10x_hd.o(RESET)
    __main                                   0x08000131   Thumb Code     8  __main.o(!!!main)
    __scatterload                            0x08000139   Thumb Code     0  __scatter.o(!!!scatter)
    __scatterload_rt2                        0x08000139   Thumb Code    44  __scatter.o(!!!scatter)
    __scatterload_rt2_thumb_only             0x08000139   Thumb Code     0  __scatter.o(!!!scatter)
    __scatterload_null                       0x08000147   Thumb Code     0  __scatter.o(!!!scatter)
    __scatterload_copy                       0x0800016d   Thumb Code    26  __scatter_copy.o(!!handler_copy)
    __scatterload_zeroinit                   0x08000189   Thumb Code    28  __scatter_zi.o(!!handler_zi)
    _printf_f                                0x080001a5   Thumb Code     0  _printf_f.o(.ARM.Collect$$_printf_percent$$00000003)
    _printf_percent                          0x080001a5   Thumb Code     0  _printf_percent.o(.ARM.Collect$$_printf_percent$$00000000)
    _printf_d                                0x080001ab   Thumb Code     0  _printf_d.o(.ARM.Collect$$_printf_percent$$00000009)
    _printf_c                                0x080001b1   Thumb Code     0  _printf_c.o(.ARM.Collect$$_printf_percent$$00000013)
    _printf_percent_end                      0x080001b7   Thumb Code     0  _printf_percent_end.o(.ARM.Collect$$_printf_percent$$00000017)
    __rt_lib_init                            0x080001bb   Thumb Code     0  libinit.o(.ARM.Collect$$libinit$$00000000)
    __rt_lib_init_fp_1                       0x080001bd   Thumb Code     0  libinit2.o(.ARM.Collect$$libinit$$00000002)
    __rt_lib_init_heap_1                     0x080001bd   Thumb Code     0  libinit2.o(.ARM.Collect$$libinit$$0000000A)
    __rt_lib_init_lc_common                  0x080001bd   Thumb Code     0  libinit2.o(.ARM.Collect$$libinit$$0000000F)
    __rt_lib_init_preinit_1                  0x080001bd   Thumb Code     0  libinit2.o(.ARM.Collect$$libinit$$00000004)
    __rt_lib_init_rand_1                     0x080001bd   Thumb Code     0  libinit2.o(.ARM.Collect$$libinit$$0000000E)
    __rt_lib_init_user_alloc_1               0x080001bd   Thumb Code     0  libinit2.o(.ARM.Collect$$libinit$$0000000C)
    __rt_lib_init_lc_collate_1               0x080001c3   Thumb Code     0  libinit2.o(.ARM.Collect$$libinit$$00000011)
    __rt_lib_init_lc_ctype_1                 0x080001c3   Thumb Code     0  libinit2.o(.ARM.Collect$$libinit$$00000013)
    __rt_lib_init_lc_monetary_1              0x080001c3   Thumb Code     0  libinit2.o(.ARM.Collect$$libinit$$00000015)
    __rt_lib_init_lc_numeric_2               0x080001c3   Thumb Code     0  libinit2.o(.ARM.Collect$$libinit$$00000016)
    __rt_lib_init_alloca_1                   0x080001cd   Thumb Code     0  libinit2.o(.ARM.Collect$$libinit$$0000002E)
    __rt_lib_init_argv_1                     0x080001cd   Thumb Code     0  libinit2.o(.ARM.Collect$$libinit$$0000002C)
    __rt_lib_init_atexit_1                   0x080001cd   Thumb Code     0  libinit2.o(.ARM.Collect$$libinit$$0000001B)
    __rt_lib_init_clock_1                    0x080001cd   Thumb Code     0  libinit2.o(.ARM.Collect$$libinit$$00000021)
    __rt_lib_init_cpp_1                      0x080001cd   Thumb Code     0  libinit2.o(.ARM.Collect$$libinit$$00000032)
    __rt_lib_init_exceptions_1               0x080001cd   Thumb Code     0  libinit2.o(.ARM.Collect$$libinit$$00000030)
    __rt_lib_init_fp_trap_1                  0x080001cd   Thumb Code     0  libinit2.o(.ARM.Collect$$libinit$$0000001F)
    __rt_lib_init_getenv_1                   0x080001cd   Thumb Code     0  libinit2.o(.ARM.Collect$$libinit$$00000023)
    __rt_lib_init_lc_numeric_1               0x080001cd   Thumb Code     0  libinit2.o(.ARM.Collect$$libinit$$00000017)
    __rt_lib_init_lc_time_1                  0x080001cd   Thumb Code     0  libinit2.o(.ARM.Collect$$libinit$$00000019)
    __rt_lib_init_return                     0x080001cd   Thumb Code     0  libinit2.o(.ARM.Collect$$libinit$$00000033)
    __rt_lib_init_signal_1                   0x080001cd   Thumb Code     0  libinit2.o(.ARM.Collect$$libinit$$0000001D)
    __rt_lib_init_stdio_1                    0x080001cd   Thumb Code     0  libinit2.o(.ARM.Collect$$libinit$$00000025)
    __rt_lib_shutdown                        0x080001cf   Thumb Code     0  libshutdown.o(.ARM.Collect$$libshutdown$$00000000)
    __rt_lib_shutdown_fp_trap_1              0x080001d1   Thumb Code     0  libshutdown2.o(.ARM.Collect$$libshutdown$$00000006)
    __rt_lib_shutdown_heap_1                 0x080001d1   Thumb Code     0  libshutdown2.o(.ARM.Collect$$libshutdown$$0000000E)
    __rt_lib_shutdown_return                 0x080001d1   Thumb Code     0  libshutdown2.o(.ARM.Collect$$libshutdown$$0000000F)
    __rt_lib_shutdown_signal_1               0x080001d1   Thumb Code     0  libshutdown2.o(.ARM.Collect$$libshutdown$$00000009)
    __rt_lib_shutdown_stdio_1                0x080001d1   Thumb Code     0  libshutdown2.o(.ARM.Collect$$libshutdown$$00000003)
    __rt_lib_shutdown_user_alloc_1           0x080001d1   Thumb Code     0  libshutdown2.o(.ARM.Collect$$libshutdown$$0000000B)
    __rt_entry                               0x080001d3   Thumb Code     0  __rtentry.o(.ARM.Collect$$rtentry$$00000000)
    __rt_entry_presh_1                       0x080001d3   Thumb Code     0  __rtentry2.o(.ARM.Collect$$rtentry$$00000002)
    __rt_entry_sh                            0x080001d3   Thumb Code     0  __rtentry4.o(.ARM.Collect$$rtentry$$00000004)
    __rt_entry_li                            0x080001d9   Thumb Code     0  __rtentry2.o(.ARM.Collect$$rtentry$$0000000A)
    __rt_entry_postsh_1                      0x080001d9   Thumb Code     0  __rtentry2.o(.ARM.Collect$$rtentry$$00000009)
    __rt_entry_main                          0x080001dd   Thumb Code     0  __rtentry2.o(.ARM.Collect$$rtentry$$0000000D)
    __rt_entry_postli_1                      0x080001dd   Thumb Code     0  __rtentry2.o(.ARM.Collect$$rtentry$$0000000C)
    __rt_exit                                0x080001e5   Thumb Code     0  rtexit.o(.ARM.Collect$$rtexit$$00000000)
    __rt_exit_ls                             0x080001e7   Thumb Code     0  rtexit2.o(.ARM.Collect$$rtexit$$00000003)
    __rt_exit_prels_1                        0x080001e7   Thumb Code     0  rtexit2.o(.ARM.Collect$$rtexit$$00000002)
    __rt_exit_exit                           0x080001eb   Thumb Code     0  rtexit2.o(.ARM.Collect$$rtexit$$00000004)
    Reset_Handler                            0x080001f1   Thumb Code     8  startup_stm32f10x_hd.o(.text)
    ADC1_2_IRQHandler                        0x0800020b   Thumb Code     0  startup_stm32f10x_hd.o(.text)
    ADC3_IRQHandler                          0x0800020b   Thumb Code     0  startup_stm32f10x_hd.o(.text)
    CAN1_RX1_IRQHandler                      0x0800020b   Thumb Code     0  startup_stm32f10x_hd.o(.text)
    CAN1_SCE_IRQHandler                      0x0800020b   Thumb Code     0  startup_stm32f10x_hd.o(.text)
    DMA1_Channel1_IRQHandler                 0x0800020b   Thumb Code     0  startup_stm32f10x_hd.o(.text)
    DMA1_Channel2_IRQHandler                 0x0800020b   Thumb Code     0  startup_stm32f10x_hd.o(.text)
    DMA1_Channel3_IRQHandler                 0x0800020b   Thumb Code     0  startup_stm32f10x_hd.o(.text)
    DMA1_Channel4_IRQHandler                 0x0800020b   Thumb Code     0  startup_stm32f10x_hd.o(.text)
    DMA1_Channel5_IRQHandler                 0x0800020b   Thumb Code     0  startup_stm32f10x_hd.o(.text)
    DMA1_Channel6_IRQHandler                 0x0800020b   Thumb Code     0  startup_stm32f10x_hd.o(.text)
    DMA1_Channel7_IRQHandler                 0x0800020b   Thumb Code     0  startup_stm32f10x_hd.o(.text)
    DMA2_Channel1_IRQHandler                 0x0800020b   Thumb Code     0  startup_stm32f10x_hd.o(.text)
    DMA2_Channel2_IRQHandler                 0x0800020b   Thumb Code     0  startup_stm32f10x_hd.o(.text)
    DMA2_Channel3_IRQHandler                 0x0800020b   Thumb Code     0  startup_stm32f10x_hd.o(.text)
    DMA2_Channel4_5_IRQHandler               0x0800020b   Thumb Code     0  startup_stm32f10x_hd.o(.text)
    EXTI0_IRQHandler                         0x0800020b   Thumb Code     0  startup_stm32f10x_hd.o(.text)
    EXTI15_10_IRQHandler                     0x0800020b   Thumb Code     0  startup_stm32f10x_hd.o(.text)
    EXTI1_IRQHandler                         0x0800020b   Thumb Code     0  startup_stm32f10x_hd.o(.text)
    EXTI2_IRQHandler                         0x0800020b   Thumb Code     0  startup_stm32f10x_hd.o(.text)
    EXTI3_IRQHandler                         0x0800020b   Thumb Code     0  startup_stm32f10x_hd.o(.text)
    EXTI4_IRQHandler                         0x0800020b   Thumb Code     0  startup_stm32f10x_hd.o(.text)
    EXTI9_5_IRQHandler                       0x0800020b   Thumb Code     0  startup_stm32f10x_hd.o(.text)
    FLASH_IRQHandler                         0x0800020b   Thumb Code     0  startup_stm32f10x_hd.o(.text)
    FSMC_IRQHandler                          0x0800020b   Thumb Code     0  startup_stm32f10x_hd.o(.text)
    I2C1_ER_IRQHandler                       0x0800020b   Thumb Code     0  startup_stm32f10x_hd.o(.text)
    I2C1_EV_IRQHandler                       0x0800020b   Thumb Code     0  startup_stm32f10x_hd.o(.text)
    I2C2_ER_IRQHandler                       0x0800020b   Thumb Code     0  startup_stm32f10x_hd.o(.text)
    I2C2_EV_IRQHandler                       0x0800020b   Thumb Code     0  startup_stm32f10x_hd.o(.text)
    PVD_IRQHandler                           0x0800020b   Thumb Code     0  startup_stm32f10x_hd.o(.text)
    RCC_IRQHandler                           0x0800020b   Thumb Code     0  startup_stm32f10x_hd.o(.text)
    RTCAlarm_IRQHandler                      0x0800020b   Thumb Code     0  startup_stm32f10x_hd.o(.text)
    RTC_IRQHandler                           0x0800020b   Thumb Code     0  startup_stm32f10x_hd.o(.text)
    SDIO_IRQHandler                          0x0800020b   Thumb Code     0  startup_stm32f10x_hd.o(.text)
    SPI1_IRQHandler                          0x0800020b   Thumb Code     0  startup_stm32f10x_hd.o(.text)
    SPI2_IRQHandler                          0x0800020b   Thumb Code     0  startup_stm32f10x_hd.o(.text)
    SPI3_IRQHandler                          0x0800020b   Thumb Code     0  startup_stm32f10x_hd.o(.text)
    TAMPER_IRQHandler                        0x0800020b   Thumb Code     0  startup_stm32f10x_hd.o(.text)
    TIM1_BRK_IRQHandler                      0x0800020b   Thumb Code     0  startup_stm32f10x_hd.o(.text)
    TIM1_CC_IRQHandler                       0x0800020b   Thumb Code     0  startup_stm32f10x_hd.o(.text)
    TIM1_TRG_COM_IRQHandler                  0x0800020b   Thumb Code     0  startup_stm32f10x_hd.o(.text)
    TIM1_UP_IRQHandler                       0x0800020b   Thumb Code     0  startup_stm32f10x_hd.o(.text)
    TIM2_IRQHandler                          0x0800020b   Thumb Code     0  startup_stm32f10x_hd.o(.text)
    TIM3_IRQHandler                          0x0800020b   Thumb Code     0  startup_stm32f10x_hd.o(.text)
    TIM4_IRQHandler                          0x0800020b   Thumb Code     0  startup_stm32f10x_hd.o(.text)
    TIM7_IRQHandler                          0x0800020b   Thumb Code     0  startup_stm32f10x_hd.o(.text)
    TIM8_BRK_IRQHandler                      0x0800020b   Thumb Code     0  startup_stm32f10x_hd.o(.text)
    TIM8_CC_IRQHandler                       0x0800020b   Thumb Code     0  startup_stm32f10x_hd.o(.text)
    TIM8_TRG_COM_IRQHandler                  0x0800020b   Thumb Code     0  startup_stm32f10x_hd.o(.text)
    TIM8_UP_IRQHandler                       0x0800020b   Thumb Code     0  startup_stm32f10x_hd.o(.text)
    UART4_IRQHandler                         0x0800020b   Thumb Code     0  startup_stm32f10x_hd.o(.text)
    UART5_IRQHandler                         0x0800020b   Thumb Code     0  startup_stm32f10x_hd.o(.text)
    USART2_IRQHandler                        0x0800020b   Thumb Code     0  startup_stm32f10x_hd.o(.text)
    USART3_IRQHandler                        0x0800020b   Thumb Code     0  startup_stm32f10x_hd.o(.text)
    USBWakeUp_IRQHandler                     0x0800020b   Thumb Code     0  startup_stm32f10x_hd.o(.text)
    USB_HP_CAN1_TX_IRQHandler                0x0800020b   Thumb Code     0  startup_stm32f10x_hd.o(.text)
    USB_LP_CAN1_RX0_IRQHandler               0x0800020b   Thumb Code     0  startup_stm32f10x_hd.o(.text)
    WWDG_IRQHandler                          0x0800020b   Thumb Code     0  startup_stm32f10x_hd.o(.text)
    __user_initial_stackheap                 0x0800020d   Thumb Code     0  startup_stm32f10x_hd.o(.text)
    __use_no_semihosting                     0x08000231   Thumb Code     2  use_no_semi_2.o(.text)
    __aeabi_ldivmod                          0x08000233   Thumb Code     0  llsdiv.o(.text)
    _ll_sdiv                                 0x08000233   Thumb Code    72  llsdiv.o(.text)
    __2printf                                0x0800027d   Thumb Code    20  noretval__2printf.o(.text)
    _printf_pre_padding                      0x08000295   Thumb Code    44  _printf_pad.o(.text)
    _printf_post_padding                     0x080002c1   Thumb Code    34  _printf_pad.o(.text)
    _printf_str                              0x080002e3   Thumb Code    82  _printf_str.o(.text)
    _printf_int_dec                          0x08000335   Thumb Code   104  _printf_dec.o(.text)
    __printf                                 0x080003ad   Thumb Code   308  __printf_flags_wp.o(.text)
    memcmp                                   0x080004e5   Thumb Code    88  memcmp.o(.text)
    __aeabi_memset                           0x0800053d   Thumb Code    16  aeabi_memset.o(.text)
    __use_two_region_memory                  0x0800054d   Thumb Code     2  heapauxi.o(.text)
    __rt_heap_escrow$2region                 0x0800054f   Thumb Code     2  heapauxi.o(.text)
    __rt_heap_expand$2region                 0x08000551   Thumb Code     2  heapauxi.o(.text)
    __I$use$semihosting                      0x08000553   Thumb Code     0  use_no_semi.o(.text)
    __use_no_semihosting_swi                 0x08000553   Thumb Code     2  use_no_semi.o(.text)
    __aeabi_uldivmod                         0x08000555   Thumb Code     0  lludivv7m.o(.text)
    _ll_udiv                                 0x08000555   Thumb Code   238  lludivv7m.o(.text)
    __read_errno                             0x08000643   Thumb Code    10  _rserrno.o(.text)
    __set_errno                              0x0800064d   Thumb Code    12  _rserrno.o(.text)
    _printf_int_common                       0x08000659   Thumb Code   178  _printf_intcommon.o(.text)
    __lib_sel_fp_printf                      0x0800070b   Thumb Code     2  _printf_fp_dec.o(.text)
    _printf_fp_dec_real                      0x080008b9   Thumb Code   620  _printf_fp_dec.o(.text)
    _printf_cs_common                        0x08000b25   Thumb Code    20  _printf_char.o(.text)
    _printf_char                             0x08000b39   Thumb Code    16  _printf_char.o(.text)
    _printf_string                           0x08000b49   Thumb Code     8  _printf_char.o(.text)
    _printf_char_file                        0x08000b51   Thumb Code    32  _printf_char_file.o(.text)
    __aeabi_memclr                           0x08000b75   Thumb Code     0  rt_memclr.o(.text)
    __rt_memclr                              0x08000b75   Thumb Code    68  rt_memclr.o(.text)
    _memset                                  0x08000b79   Thumb Code     0  rt_memclr.o(.text)
    __rt_locale                              0x08000bb9   Thumb Code     8  rt_locale_intlibspace.o(.text)
    __aeabi_errno_addr                       0x08000bc1   Thumb Code     8  rt_errno_addr_intlibspace.o(.text)
    __errno$intlibspace                      0x08000bc1   Thumb Code     0  rt_errno_addr_intlibspace.o(.text)
    __rt_errno_addr$intlibspace              0x08000bc1   Thumb Code     0  rt_errno_addr_intlibspace.o(.text)
    _ll_udiv10                               0x08000bc9   Thumb Code   138  lludiv10.o(.text)
    _printf_char_common                      0x08000c5f   Thumb Code    32  _printf_char_common.o(.text)
    _printf_fp_infnan                        0x08000c85   Thumb Code   112  _printf_fp_infnan.o(.text)
    _btod_etento                             0x08000d05   Thumb Code   216  bigflt0.o(.text)
    ferror                                   0x08000de1   Thumb Code     8  ferror.o(.text)
    __aeabi_memclr4                          0x08000de9   Thumb Code     0  rt_memclr_w.o(.text)
    __aeabi_memclr8                          0x08000de9   Thumb Code     0  rt_memclr_w.o(.text)
    __rt_memclr_w                            0x08000de9   Thumb Code    78  rt_memclr_w.o(.text)
    _memset_w                                0x08000ded   Thumb Code     0  rt_memclr_w.o(.text)
    __user_libspace                          0x08000e39   Thumb Code     8  libspace.o(.text)
    __user_perproc_libspace                  0x08000e39   Thumb Code     0  libspace.o(.text)
    __user_perthread_libspace                0x08000e39   Thumb Code     0  libspace.o(.text)
    __user_setup_stackheap                   0x08000e41   Thumb Code    74  sys_stackheap_outer.o(.text)
    exit                                     0x08000e8b   Thumb Code    12  exit.o(.text)
    strcmp                                   0x08000e99   Thumb Code   128  strcmpv7m.o(.text)
    _btod_d2e                                0x08000f19   Thumb Code    62  btod.o(CL$$btod_d2e)
    _d2e_denorm_low                          0x08000f57   Thumb Code    70  btod.o(CL$$btod_d2e_denorm_low)
    _d2e_norm_op1                            0x08000f9d   Thumb Code    96  btod.o(CL$$btod_d2e_norm_op1)
    __btod_div_common                        0x08000ffd   Thumb Code   696  btod.o(CL$$btod_div_common)
    _e2e                                     0x08001335   Thumb Code   198  btod.o(CL$$btod_e2e)
    _btod_ediv                               0x080013fb   Thumb Code    40  btod.o(CL$$btod_ediv)
    _btod_emul                               0x08001423   Thumb Code    40  btod.o(CL$$btod_emul)
    __btod_mult_common                       0x0800144b   Thumb Code   580  btod.o(CL$$btod_mult_common)
    BusFault_Handler                         0x0800168f   Thumb Code     4  stm32f10x_it.o(i.BusFault_Handler)
    DebugMon_Handler                         0x08001693   Thumb Code     2  stm32f10x_it.o(i.DebugMon_Handler)
    GPIO_Init                                0x08001695   Thumb Code   278  stm32f10x_gpio.o(i.GPIO_Init)
    GPIO_PinRemapConfig                      0x080017ad   Thumb Code   138  stm32f10x_gpio.o(i.GPIO_PinRemapConfig)
    GPIO_ResetBits                           0x0800183d   Thumb Code     4  stm32f10x_gpio.o(i.GPIO_ResetBits)
    GPIO_SetBits                             0x08001841   Thumb Code     4  stm32f10x_gpio.o(i.GPIO_SetBits)
    HardFault_Handler                        0x08001845   Thumb Code     4  stm32f10x_it.o(i.HardFault_Handler)
    KICK                                     0x08001849   Thumb Code    30  kicker.o(i.KICK)
    KICK_Init                                0x0800186d   Thumb Code   116  kicker.o(i.KICK_Init)
    MPU_Get_Accelerometer                    0x080018e5   Thumb Code    80  mpu6050.o(i.MPU_Get_Accelerometer)
    MPU_Get_Gyroscope                        0x08001935   Thumb Code    80  mpu6050.o(i.MPU_Get_Gyroscope)
    MPU_IIC_Ack                              0x08001985   Thumb Code    62  mpuiic.o(i.MPU_IIC_Ack)
    MPU_IIC_Delay                            0x080019d1   Thumb Code    10  mpuiic.o(i.MPU_IIC_Delay)
    MPU_IIC_Init                             0x080019dd   Thumb Code    50  mpuiic.o(i.MPU_IIC_Init)
    MPU_IIC_NAck                             0x08001a15   Thumb Code    62  mpuiic.o(i.MPU_IIC_NAck)
    MPU_IIC_Read_Byte                        0x08001a61   Thumb Code    94  mpuiic.o(i.MPU_IIC_Read_Byte)
    MPU_IIC_Send_Byte                        0x08001acd   Thumb Code    80  mpuiic.o(i.MPU_IIC_Send_Byte)
    MPU_IIC_Start                            0x08001b29   Thumb Code    60  mpuiic.o(i.MPU_IIC_Start)
    MPU_IIC_Stop                             0x08001b71   Thumb Code    58  mpuiic.o(i.MPU_IIC_Stop)
    MPU_IIC_Wait_Ack                         0x08001bb9   Thumb Code    86  mpuiic.o(i.MPU_IIC_Wait_Ack)
    MPU_Init                                 0x08001c1d   Thumb Code   122  mpu6050.o(i.MPU_Init)
    MPU_Read_Byte                            0x08001c97   Thumb Code    58  mpu6050.o(i.MPU_Read_Byte)
    MPU_Read_Len                             0x08001cd1   Thumb Code   116  mpu6050.o(i.MPU_Read_Len)
    MPU_Set_Accel_Fsr                        0x08001d45   Thumb Code    16  mpu6050.o(i.MPU_Set_Accel_Fsr)
    MPU_Set_Gyro_Fsr                         0x08001d55   Thumb Code    16  mpu6050.o(i.MPU_Set_Gyro_Fsr)
    MPU_Set_LPF                              0x08001d65   Thumb Code    58  mpu6050.o(i.MPU_Set_LPF)
    MPU_Set_Rate                             0x08001d9f   Thumb Code    58  mpu6050.o(i.MPU_Set_Rate)
    MPU_Write_Byte                           0x08001dd9   Thumb Code    68  mpu6050.o(i.MPU_Write_Byte)
    MPU_Write_Len                            0x08001e1d   Thumb Code    96  mpu6050.o(i.MPU_Write_Len)
    MemManage_Handler                        0x08001e7d   Thumb Code     4  stm32f10x_it.o(i.MemManage_Handler)
    NMI_Handler                              0x08001e81   Thumb Code     2  stm32f10x_it.o(i.NMI_Handler)
    NVIC_Init                                0x08001e85   Thumb Code   100  misc.o(i.NVIC_Init)
    NVIC_PriorityGroupConfig                 0x08001ef5   Thumb Code    10  misc.o(i.NVIC_PriorityGroupConfig)
    PendSV_Handler                           0x08001f09   Thumb Code     2  stm32f10x_it.o(i.PendSV_Handler)
    RCC_APB1PeriphClockCmd                   0x08001f0d   Thumb Code    26  stm32f10x_rcc.o(i.RCC_APB1PeriphClockCmd)
    RCC_APB2PeriphClockCmd                   0x08001f2d   Thumb Code    26  stm32f10x_rcc.o(i.RCC_APB2PeriphClockCmd)
    RCC_GetClocksFreq                        0x08001f4d   Thumb Code   192  stm32f10x_rcc.o(i.RCC_GetClocksFreq)
    SVC_Handler                              0x08002021   Thumb Code     2  stm32f10x_it.o(i.SVC_Handler)
    SysTick_CLKSourceConfig                  0x0800210d   Thumb Code    40  misc.o(i.SysTick_CLKSourceConfig)
    SysTick_Handler                          0x08002135   Thumb Code     2  stm32f10x_it.o(i.SysTick_Handler)
    SystemInit                               0x08002139   Thumb Code    78  system_stm32f10x.o(i.SystemInit)
    TIM2_Encoder_Init                        0x08002199   Thumb Code    94  timer.o(i.TIM2_Encoder_Init)
    TIM2_Encoder_Write                       0x08002201   Thumb Code     8  timer.o(i.TIM2_Encoder_Write)
    TIM3_PWM_Init                            0x08002209   Thumb Code   212  pwm.o(i.TIM3_PWM_Init)
    TIM4_Encoder_Init                        0x080022e9   Thumb Code   120  timer.o(i.TIM4_Encoder_Init)
    TIM4_Encoder_Write                       0x0800236d   Thumb Code     6  timer.o(i.TIM4_Encoder_Write)
    TIM5_IRQHandler                          0x08002379   Thumb Code   178  timer.o(i.TIM5_IRQHandler)
    TIM5_Int_Init                            0x0800245d   Thumb Code    90  timer.o(i.TIM5_Int_Init)
    TIM6_IRQHandler                          0x080024c1   Thumb Code   112  timer.o(i.TIM6_IRQHandler)
    TIM6_Int_Init                            0x08002551   Thumb Code    90  timer.o(i.TIM6_Int_Init)
    TIM_ClearITPendingBit                    0x080025b1   Thumb Code     6  stm32f10x_tim.o(i.TIM_ClearITPendingBit)
    TIM_Cmd                                  0x080025b7   Thumb Code    24  stm32f10x_tim.o(i.TIM_Cmd)
    TIM_GetITStatus                          0x080025cf   Thumb Code    34  stm32f10x_tim.o(i.TIM_GetITStatus)
    TIM_ITConfig                             0x080025f1   Thumb Code    18  stm32f10x_tim.o(i.TIM_ITConfig)
    TIM_OC1Init                              0x08002605   Thumb Code   132  stm32f10x_tim.o(i.TIM_OC1Init)
    TIM_OC1PreloadConfig                     0x0800269d   Thumb Code    18  stm32f10x_tim.o(i.TIM_OC1PreloadConfig)
    TIM_OC2Init                              0x080026b1   Thumb Code   154  stm32f10x_tim.o(i.TIM_OC2Init)
    TIM_OC2PreloadConfig                     0x08002755   Thumb Code    26  stm32f10x_tim.o(i.TIM_OC2PreloadConfig)
    TIM_OC3Init                              0x08002771   Thumb Code   150  stm32f10x_tim.o(i.TIM_OC3Init)
    TIM_OC3PreloadConfig                     0x08002811   Thumb Code    18  stm32f10x_tim.o(i.TIM_OC3PreloadConfig)
    TIM_OC4Init                              0x08002825   Thumb Code   114  stm32f10x_tim.o(i.TIM_OC4Init)
    TIM_OC4PreloadConfig                     0x080028a1   Thumb Code    26  stm32f10x_tim.o(i.TIM_OC4PreloadConfig)
    TIM_SetCompare1                          0x080028bb   Thumb Code     4  stm32f10x_tim.o(i.TIM_SetCompare1)
    TIM_SetCompare2                          0x080028bf   Thumb Code     4  stm32f10x_tim.o(i.TIM_SetCompare2)
    TIM_SetCompare3                          0x080028c3   Thumb Code     4  stm32f10x_tim.o(i.TIM_SetCompare3)
    TIM_SetCompare4                          0x080028c7   Thumb Code     6  stm32f10x_tim.o(i.TIM_SetCompare4)
    TIM_TimeBaseInit                         0x080028cd   Thumb Code   122  stm32f10x_tim.o(i.TIM_TimeBaseInit)
    USART1_IRQHandler                        0x08002971   Thumb Code   122  usart.o(i.USART1_IRQHandler)
    USART_Cmd                                0x080029f9   Thumb Code    24  stm32f10x_usart.o(i.USART_Cmd)
    USART_GetITStatus                        0x08002a11   Thumb Code    84  stm32f10x_usart.o(i.USART_GetITStatus)
    USART_ITConfig                           0x08002a65   Thumb Code    74  stm32f10x_usart.o(i.USART_ITConfig)
    USART_Init                               0x08002ab1   Thumb Code   210  stm32f10x_usart.o(i.USART_Init)
    USART_ReceiveData                        0x08002b89   Thumb Code    10  stm32f10x_usart.o(i.USART_ReceiveData)
    UsageFault_Handler                       0x08002b93   Thumb Code     4  stm32f10x_it.o(i.UsageFault_Handler)
    __ARM_fpclassify                         0x08002b97   Thumb Code    40  fpclassify.o(i.__ARM_fpclassify)
    __kernel_poly                            0x08002bbf   Thumb Code   170  poly.o(i.__kernel_poly)
    __mathlib_dbl_infnan                     0x08002c69   Thumb Code     6  dunder.o(i.__mathlib_dbl_infnan)
    __mathlib_dbl_infnan2                    0x08002c6f   Thumb Code     4  dunder.o(i.__mathlib_dbl_infnan2)
    __mathlib_dbl_invalid                    0x08002c73   Thumb Code    12  dunder.o(i.__mathlib_dbl_invalid)
    __mathlib_dbl_underflow                  0x08002c81   Thumb Code    10  dunder.o(i.__mathlib_dbl_underflow)
    _is_digit                                0x08002c91   Thumb Code    14  __printf_wp.o(i._is_digit)
    _sys_exit                                0x08002c9f   Thumb Code     6  usart.o(i._sys_exit)
    adj_spd                                  0x08002d4d   Thumb Code   264  state.o(i.adj_spd)
    asin                                     0x08002edd   Thumb Code   572  asin.o(i.asin)
    atan                                     0x0800314d   Thumb Code   474  atan.o(i.atan)
    atan2                                    0x0800336d   Thumb Code   346  atan2.o(i.atan2)
    ball_x                                   0x080034ed   Thumb Code     6  com.o(i.ball_x)
    ball_y                                   0x080034f3   Thumb Code    16  com.o(i.ball_y)
    delay_init                               0x08003569   Thumb Code    50  delay.o(i.delay_init)
    delay_ms                                 0x080035ad   Thumb Code    72  delay.o(i.delay_ms)
    delay_us                                 0x080035f9   Thumb Code    72  delay.o(i.delay_us)
    dmp_enable_6x_lp_quat                    0x08003645   Thumb Code    60  inv_mpu_dmp_motion_driver.o(i.dmp_enable_6x_lp_quat)
    dmp_enable_feature                       0x08003681   Thumb Code   530  inv_mpu_dmp_motion_driver.o(i.dmp_enable_feature)
    dmp_enable_gyro_cal                      0x0800389d   Thumb Code    62  inv_mpu_dmp_motion_driver.o(i.dmp_enable_gyro_cal)
    dmp_enable_lp_quat                       0x080038f5   Thumb Code    60  inv_mpu_dmp_motion_driver.o(i.dmp_enable_lp_quat)
    dmp_load_motion_driver_firmware          0x08003931   Thumb Code    20  inv_mpu_dmp_motion_driver.o(i.dmp_load_motion_driver_firmware)
    dmp_read_fifo                            0x08003949   Thumb Code   456  inv_mpu_dmp_motion_driver.o(i.dmp_read_fifo)
    dmp_set_accel_bias                       0x08003b15   Thumb Code   300  inv_mpu_dmp_motion_driver.o(i.dmp_set_accel_bias)
    dmp_set_fifo_rate                        0x08003c45   Thumb Code    96  inv_mpu_dmp_motion_driver.o(i.dmp_set_fifo_rate)
    dmp_set_gyro_bias                        0x08003cb5   Thumb Code   294  inv_mpu_dmp_motion_driver.o(i.dmp_set_gyro_bias)
    dmp_set_orientation                      0x08003de5   Thumb Code   290  inv_mpu_dmp_motion_driver.o(i.dmp_set_orientation)
    dmp_set_shake_reject_thresh              0x08003f1d   Thumb Code    56  inv_mpu_dmp_motion_driver.o(i.dmp_set_shake_reject_thresh)
    dmp_set_shake_reject_time                0x08003f55   Thumb Code    38  inv_mpu_dmp_motion_driver.o(i.dmp_set_shake_reject_time)
    dmp_set_shake_reject_timeout             0x08003f7b   Thumb Code    38  inv_mpu_dmp_motion_driver.o(i.dmp_set_shake_reject_timeout)
    dmp_set_tap_axes                         0x08003fa1   Thumb Code    70  inv_mpu_dmp_motion_driver.o(i.dmp_set_tap_axes)
    dmp_set_tap_count                        0x08003fe7   Thumb Code    38  inv_mpu_dmp_motion_driver.o(i.dmp_set_tap_count)
    dmp_set_tap_thresh                       0x0800400d   Thumb Code   396  inv_mpu_dmp_motion_driver.o(i.dmp_set_tap_thresh)
    dmp_set_tap_time                         0x080041ad   Thumb Code    38  inv_mpu_dmp_motion_driver.o(i.dmp_set_tap_time)
    dmp_set_tap_time_multi                   0x080041d3   Thumb Code    38  inv_mpu_dmp_motion_driver.o(i.dmp_set_tap_time_multi)
    fputc                                    0x080041f9   Thumb Code    24  usart.o(i.fputc)
    game_state                               0x08004215   Thumb Code     8  com.o(i.game_state)
    init_paras                               0x08004851   Thumb Code   186  main.o(i.init_paras)
    inv_orientation_matrix_to_scalar         0x08004945   Thumb Code    40  inv_mpu.o(i.inv_orientation_matrix_to_scalar)
    inv_row_2_scale                          0x0800496d   Thumb Code    78  inv_mpu.o(i.inv_row_2_scale)
    main                                     0x080049bd   Thumb Code   218  main.o(i.main)
    mget_ms                                  0x08004b19   Thumb Code     2  inv_mpu.o(i.mget_ms)
    mpu_configure_fifo                       0x08004b1d   Thumb Code   106  inv_mpu.o(i.mpu_configure_fifo)
    mpu_dmp_get_data                         0x08004b8d   Thumb Code   544  inv_mpu.o(i.mpu_dmp_get_data)
    mpu_dmp_init                             0x08004db1   Thumb Code   154  inv_mpu.o(i.mpu_dmp_init)
    mpu_get_accel_fsr                        0x08004e51   Thumb Code    72  inv_mpu.o(i.mpu_get_accel_fsr)
    mpu_get_accel_sens                       0x08004e9d   Thumb Code    78  inv_mpu.o(i.mpu_get_accel_sens)
    mpu_get_fifo_config                      0x08004ef1   Thumb Code    12  inv_mpu.o(i.mpu_get_fifo_config)
    mpu_get_gyro_fsr                         0x08004f01   Thumb Code    64  inv_mpu.o(i.mpu_get_gyro_fsr)
    mpu_get_gyro_sens                        0x08004f45   Thumb Code    58  inv_mpu.o(i.mpu_get_gyro_sens)
    mpu_get_lpf                              0x08004f95   Thumb Code    74  inv_mpu.o(i.mpu_get_lpf)
    mpu_get_sample_rate                      0x08004fe5   Thumb Code    26  inv_mpu.o(i.mpu_get_sample_rate)
    mpu_init                                 0x08005005   Thumb Code   416  inv_mpu.o(i.mpu_init)
    mpu_load_firmware                        0x080051f5   Thumb Code   180  inv_mpu.o(i.mpu_load_firmware)
    mpu_lp_accel_mode                        0x080052ad   Thumb Code   218  inv_mpu.o(i.mpu_lp_accel_mode)
    mpu_read_fifo_stream                     0x0800538d   Thumb Code   186  inv_mpu.o(i.mpu_read_fifo_stream)
    mpu_read_mem                             0x0800544d   Thumb Code   122  inv_mpu.o(i.mpu_read_mem)
    mpu_reset_fifo                           0x080054cd   Thumb Code   450  inv_mpu.o(i.mpu_reset_fifo)
    mpu_run_self_test                        0x08005695   Thumb Code   278  inv_mpu.o(i.mpu_run_self_test)
    mpu_set_accel_fsr                        0x080057b1   Thumb Code   126  inv_mpu.o(i.mpu_set_accel_fsr)
    mpu_set_bypass                           0x08005835   Thumb Code   328  inv_mpu.o(i.mpu_set_bypass)
    mpu_set_dmp_state                        0x08005981   Thumb Code   138  inv_mpu.o(i.mpu_set_dmp_state)
    mpu_set_gyro_fsr                         0x08005a11   Thumb Code   132  inv_mpu.o(i.mpu_set_gyro_fsr)
    mpu_set_int_latched                      0x08005a99   Thumb Code   102  inv_mpu.o(i.mpu_set_int_latched)
    mpu_set_lpf                              0x08005b05   Thumb Code   126  inv_mpu.o(i.mpu_set_lpf)
    mpu_set_sample_rate                      0x08005b89   Thumb Code   152  inv_mpu.o(i.mpu_set_sample_rate)
    mpu_set_sensors                          0x08005c25   Thumb Code   202  inv_mpu.o(i.mpu_set_sensors)
    mpu_write_mem                            0x08005cf5   Thumb Code   122  inv_mpu.o(i.mpu_write_mem)
    run_self_test                            0x08005d75   Thumb Code   148  inv_mpu.o(i.run_self_test)
    self_x                                   0x08005e09   Thumb Code     6  com.o(i.self_x)
    self_y                                   0x08005e0f   Thumb Code    16  com.o(i.self_y)
    set_speed_left                           0x08005eb1   Thumb Code    64  pwm.o(i.set_speed_left)
    set_speed_right                          0x08005ef9   Thumb Code    64  pwm.o(i.set_speed_right)
    sqrt                                     0x08005f41   Thumb Code    76  sqrt.o(i.sqrt)
    system_init                              0x08005f8d   Thumb Code    68  main.o(i.system_init)
    traceBall_turn                           0x08005fe1   Thumb Code   454  traceball.o(i.traceBall_turn)
    uart_init                                0x08006225   Thumb Code   152  usart.o(i.uart_init)
    _get_lc_numeric                          0x080062c5   Thumb Code    44  lc_numeric_c.o(locale$$code)
    __aeabi_d2f                              0x080062f1   Thumb Code     0  d2f.o(x$fpl$d2f)
    _d2f                                     0x080062f1   Thumb Code    98  d2f.o(x$fpl$d2f)
    __aeabi_dadd                             0x08006355   Thumb Code     0  daddsub_clz.o(x$fpl$dadd)
    _dadd                                    0x08006355   Thumb Code   332  daddsub_clz.o(x$fpl$dadd)
    __fpl_dcheck_NaN1                        0x080064a5   Thumb Code    10  dcheck1.o(x$fpl$dcheck1)
    __aeabi_ddiv                             0x080064b5   Thumb Code     0  ddiv.o(x$fpl$ddiv)
    _ddiv                                    0x080064b5   Thumb Code   552  ddiv.o(x$fpl$ddiv)
    __aeabi_ui2d                             0x08006765   Thumb Code     0  dflt_clz.o(x$fpl$dfltu)
    _dfltu                                   0x08006765   Thumb Code    38  dflt_clz.o(x$fpl$dfltu)
    __aeabi_dmul                             0x0800678d   Thumb Code     0  dmul.o(x$fpl$dmul)
    _dmul                                    0x0800678d   Thumb Code   332  dmul.o(x$fpl$dmul)
    __fpl_dnaninf                            0x080068e1   Thumb Code   156  dnaninf.o(x$fpl$dnaninf)
    __fpl_dretinf                            0x0800697d   Thumb Code    12  dretinf.o(x$fpl$dretinf)
    __aeabi_drsub                            0x08006989   Thumb Code     0  daddsub_clz.o(x$fpl$drsb)
    _drsb                                    0x08006989   Thumb Code    22  daddsub_clz.o(x$fpl$drsb)
    _dsqrt                                   0x080069a1   Thumb Code   456  dsqrt_noumaal.o(x$fpl$dsqrt)
    __aeabi_dsub                             0x08006b6d   Thumb Code     0  daddsub_clz.o(x$fpl$dsub)
    _dsub                                    0x08006b6d   Thumb Code   464  daddsub_clz.o(x$fpl$dsub)
    __aeabi_f2d                              0x08006d41   Thumb Code     0  f2d.o(x$fpl$f2d)
    _f2d                                     0x08006d41   Thumb Code    86  f2d.o(x$fpl$f2d)
    __aeabi_fadd                             0x08006d99   Thumb Code     0  faddsub_clz.o(x$fpl$fadd)
    _fadd                                    0x08006d99   Thumb Code   196  faddsub_clz.o(x$fpl$fadd)
    __fpl_fcmp_Inf                           0x08006e5d   Thumb Code    24  fcmpi.o(x$fpl$fcmpinf)
    __aeabi_fdiv                             0x08006e75   Thumb Code     0  fdiv.o(x$fpl$fdiv)
    _fdiv                                    0x08006e75   Thumb Code   384  fdiv.o(x$fpl$fdiv)
    __aeabi_cfcmpeq                          0x08006ff9   Thumb Code     0  feqf.o(x$fpl$feqf)
    _fcmpeq                                  0x08006ff9   Thumb Code   104  feqf.o(x$fpl$feqf)
    __aeabi_f2iz                             0x08007061   Thumb Code     0  ffix.o(x$fpl$ffix)
    _ffix                                    0x08007061   Thumb Code    54  ffix.o(x$fpl$ffix)
    __aeabi_f2uiz                            0x08007099   Thumb Code     0  ffixu.o(x$fpl$ffixu)
    _ffixu                                   0x08007099   Thumb Code    62  ffixu.o(x$fpl$ffixu)
    __aeabi_i2f                              0x080070d9   Thumb Code     0  fflt_clz.o(x$fpl$fflt)
    _fflt                                    0x080070d9   Thumb Code    48  fflt_clz.o(x$fpl$fflt)
    __aeabi_ui2f                             0x08007109   Thumb Code     0  fflt_clz.o(x$fpl$ffltu)
    _ffltu                                   0x08007109   Thumb Code    38  fflt_clz.o(x$fpl$ffltu)
    __aeabi_cfcmple                          0x08007131   Thumb Code     0  fleqf.o(x$fpl$fleqf)
    _fcmple                                  0x08007131   Thumb Code   104  fleqf.o(x$fpl$fleqf)
    __fpl_fcmple_InfNaN                      0x08007183   Thumb Code     0  fleqf.o(x$fpl$fleqf)
    __aeabi_fmul                             0x08007199   Thumb Code     0  fmul.o(x$fpl$fmul)
    _fmul                                    0x08007199   Thumb Code   258  fmul.o(x$fpl$fmul)
    __fpl_fnaninf                            0x0800729b   Thumb Code   140  fnaninf.o(x$fpl$fnaninf)
    __fpl_fretinf                            0x08007327   Thumb Code    10  fretinf.o(x$fpl$fretinf)
    __aeabi_cfrcmple                         0x08007331   Thumb Code     0  frleqf.o(x$fpl$frleqf)
    _frcmple                                 0x08007331   Thumb Code    98  frleqf.o(x$fpl$frleqf)
    __aeabi_fsub                             0x08007395   Thumb Code     0  faddsub_clz.o(x$fpl$fsub)
    _fsub                                    0x08007395   Thumb Code   234  faddsub_clz.o(x$fpl$fsub)
    _printf_fp_dec                           0x0800747f   Thumb Code     4  printf1.o(x$fpl$printf1)
    __fpl_return_NaN                         0x08007483   Thumb Code   100  retnan.o(x$fpl$retnan)
    __ARM_scalbn                             0x080074e7   Thumb Code    92  scalbn.o(x$fpl$scalbn)
    __fpl_cmpreturn                          0x08007543   Thumb Code    48  trapv.o(x$fpl$trapveneer)
    __I$use$fp                               0x08007572   Number         0  usenofp.o(x$fpl$usenofp)
    reg                                      0x08007574   Data          27  inv_mpu.o(.constdata)
    hw                                       0x08007590   Data          12  inv_mpu.o(.constdata)
    test                                     0x0800759c   Data          40  inv_mpu.o(.constdata)
    __mathlib_zero                           0x080082b8   Data           8  qnan.o(.constdata)
    Region$$Table$$Base                      0x080083a4   Number         0  anon$$obj.o(Region$$Table)
    Region$$Table$$Limit                     0x080083c4   Number         0  anon$$obj.o(Region$$Table)
    speed_1                                  0x20000000   Data           2  main.o(.data)
    speed_2                                  0x20000002   Data           2  main.o(.data)
    SystemCoreClock                          0x20000004   Data           4  system_stm32f10x.o(.data)
    AHBPrescTable                            0x20000008   Data          16  system_stm32f10x.o(.data)
    speed1                                   0x20000018   Data           4  state.o(.data)
    speed2                                   0x2000001c   Data           4  state.o(.data)
    adj_pace                                 0x20000020   Data           2  state.o(.data)
    target_speed1                            0x20000022   Data           2  state.o(.data)
    target_speed2                            0x20000024   Data           2  state.o(.data)
    surface_speed1                           0x20000026   Data           2  state.o(.data)
    surface_speed2                           0x20000028   Data           2  state.o(.data)
    K_p                                      0x2000002c   Data           4  state.o(.data)
    T_I                                      0x20000030   Data           4  state.o(.data)
    T_D                                      0x20000034   Data           4  state.o(.data)
    T                                        0x20000038   Data           4  state.o(.data)
    A                                        0x2000003c   Data           4  state.o(.data)
    B                                        0x20000040   Data           4  state.o(.data)
    C                                        0x20000044   Data           4  state.o(.data)
    error0                                   0x20000048   Data           4  state.o(.data)
    error1                                   0x2000004c   Data           4  state.o(.data)
    error2                                   0x20000050   Data           4  state.o(.data)
    xb                                       0x20000054   Data           1  state.o(.data)
    xc                                       0x20000055   Data           1  state.o(.data)
    vbx                                      0x20000056   Data           1  state.o(.data)
    vcx                                      0x20000057   Data           1  state.o(.data)
    yb                                       0x20000058   Data           2  state.o(.data)
    yc                                       0x2000005a   Data           2  state.o(.data)
    vby                                      0x2000005c   Data           2  state.o(.data)
    vcy                                      0x2000005e   Data           2  state.o(.data)
    yaw                                      0x20000060   Data           4  state.o(.data)
    theta0                                   0x20000064   Data           4  state.o(.data)
    __stdout                                 0x2000006c   Data           4  usart.o(.data)
    USART_RX_STA                             0x20000070   Data           2  usart.o(.data)
    usart_msg                                0x200000c0   Data         100  state.o(.bss)
    USART_RX_BUF                             0x20000124   Data         200  usart.o(.bss)
    __libspace_start                         0x200001fc   Data          96  libspace.o(.bss)
    __temporary_stack_top$libspace           0x2000025c   Data           0  libspace.o(.bss)



==============================================================================

Memory Map of the image

  Image Entry point : 0x080001f1

  Load Region LR_1 (Base: 0x08000000, Size: 0x000084a0, Max: 0xffffffff, ABSOLUTE)

    Execution Region ER_RO (Base: 0x08000000, Size: 0x000083e0, Max: 0xffffffff, ABSOLUTE)

    Base Addr    Size         Type   Attr      Idx    E Section Name        Object

    0x08000000   0x00000130   Data   RO         1311    RESET               startup_stm32f10x_hd.o
    0x08000130   0x00000008   Code   RO         4353  * !!!main             c_w.l(__main.o)
    0x08000138   0x00000034   Code   RO         4760    !!!scatter          c_w.l(__scatter.o)
    0x0800016c   0x0000001a   Code   RO         4762    !!handler_copy      c_w.l(__scatter_copy.o)
    0x08000186   0x00000002   PAD
    0x08000188   0x0000001c   Code   RO         4764    !!handler_zi        c_w.l(__scatter_zi.o)
    0x080001a4   0x00000000   Code   RO         4346    .ARM.Collect$$_printf_percent$$00000000  c_w.l(_printf_percent.o)
    0x080001a4   0x00000006   Code   RO         4345    .ARM.Collect$$_printf_percent$$00000003  c_w.l(_printf_f.o)
    0x080001aa   0x00000006   Code   RO         4344    .ARM.Collect$$_printf_percent$$00000009  c_w.l(_printf_d.o)
    0x080001b0   0x00000006   Code   RO         4342    .ARM.Collect$$_printf_percent$$00000013  c_w.l(_printf_c.o)
    0x080001b6   0x00000004   Code   RO         4470    .ARM.Collect$$_printf_percent$$00000017  c_w.l(_printf_percent_end.o)
    0x080001ba   0x00000002   Code   RO         4630    .ARM.Collect$$libinit$$00000000  c_w.l(libinit.o)
    0x080001bc   0x00000000   Code   RO         4632    .ARM.Collect$$libinit$$00000002  c_w.l(libinit2.o)
    0x080001bc   0x00000000   Code   RO         4634    .ARM.Collect$$libinit$$00000004  c_w.l(libinit2.o)
    0x080001bc   0x00000000   Code   RO         4637    .ARM.Collect$$libinit$$0000000A  c_w.l(libinit2.o)
    0x080001bc   0x00000000   Code   RO         4639    .ARM.Collect$$libinit$$0000000C  c_w.l(libinit2.o)
    0x080001bc   0x00000000   Code   RO         4641    .ARM.Collect$$libinit$$0000000E  c_w.l(libinit2.o)
    0x080001bc   0x00000006   Code   RO         4642    .ARM.Collect$$libinit$$0000000F  c_w.l(libinit2.o)
    0x080001c2   0x00000000   Code   RO         4644    .ARM.Collect$$libinit$$00000011  c_w.l(libinit2.o)
    0x080001c2   0x00000000   Code   RO         4646    .ARM.Collect$$libinit$$00000013  c_w.l(libinit2.o)
    0x080001c2   0x00000000   Code   RO         4648    .ARM.Collect$$libinit$$00000015  c_w.l(libinit2.o)
    0x080001c2   0x0000000a   Code   RO         4649    .ARM.Collect$$libinit$$00000016  c_w.l(libinit2.o)
    0x080001cc   0x00000000   Code   RO         4650    .ARM.Collect$$libinit$$00000017  c_w.l(libinit2.o)
    0x080001cc   0x00000000   Code   RO         4652    .ARM.Collect$$libinit$$00000019  c_w.l(libinit2.o)
    0x080001cc   0x00000000   Code   RO         4654    .ARM.Collect$$libinit$$0000001B  c_w.l(libinit2.o)
    0x080001cc   0x00000000   Code   RO         4656    .ARM.Collect$$libinit$$0000001D  c_w.l(libinit2.o)
    0x080001cc   0x00000000   Code   RO         4658    .ARM.Collect$$libinit$$0000001F  c_w.l(libinit2.o)
    0x080001cc   0x00000000   Code   RO         4660    .ARM.Collect$$libinit$$00000021  c_w.l(libinit2.o)
    0x080001cc   0x00000000   Code   RO         4662    .ARM.Collect$$libinit$$00000023  c_w.l(libinit2.o)
    0x080001cc   0x00000000   Code   RO         4664    .ARM.Collect$$libinit$$00000025  c_w.l(libinit2.o)
    0x080001cc   0x00000000   Code   RO         4668    .ARM.Collect$$libinit$$0000002C  c_w.l(libinit2.o)
    0x080001cc   0x00000000   Code   RO         4670    .ARM.Collect$$libinit$$0000002E  c_w.l(libinit2.o)
    0x080001cc   0x00000000   Code   RO         4672    .ARM.Collect$$libinit$$00000030  c_w.l(libinit2.o)
    0x080001cc   0x00000000   Code   RO         4674    .ARM.Collect$$libinit$$00000032  c_w.l(libinit2.o)
    0x080001cc   0x00000002   Code   RO         4675    .ARM.Collect$$libinit$$00000033  c_w.l(libinit2.o)
    0x080001ce   0x00000002   Code   RO         4721    .ARM.Collect$$libshutdown$$00000000  c_w.l(libshutdown.o)
    0x080001d0   0x00000000   Code   RO         4731    .ARM.Collect$$libshutdown$$00000003  c_w.l(libshutdown2.o)
    0x080001d0   0x00000000   Code   RO         4734    .ARM.Collect$$libshutdown$$00000006  c_w.l(libshutdown2.o)
    0x080001d0   0x00000000   Code   RO         4737    .ARM.Collect$$libshutdown$$00000009  c_w.l(libshutdown2.o)
    0x080001d0   0x00000000   Code   RO         4739    .ARM.Collect$$libshutdown$$0000000B  c_w.l(libshutdown2.o)
    0x080001d0   0x00000000   Code   RO         4742    .ARM.Collect$$libshutdown$$0000000E  c_w.l(libshutdown2.o)
    0x080001d0   0x00000002   Code   RO         4743    .ARM.Collect$$libshutdown$$0000000F  c_w.l(libshutdown2.o)
    0x080001d2   0x00000000   Code   RO         4457    .ARM.Collect$$rtentry$$00000000  c_w.l(__rtentry.o)
    0x080001d2   0x00000000   Code   RO         4534    .ARM.Collect$$rtentry$$00000002  c_w.l(__rtentry2.o)
    0x080001d2   0x00000006   Code   RO         4546    .ARM.Collect$$rtentry$$00000004  c_w.l(__rtentry4.o)
    0x080001d8   0x00000000   Code   RO         4536    .ARM.Collect$$rtentry$$00000009  c_w.l(__rtentry2.o)
    0x080001d8   0x00000004   Code   RO         4537    .ARM.Collect$$rtentry$$0000000A  c_w.l(__rtentry2.o)
    0x080001dc   0x00000000   Code   RO         4539    .ARM.Collect$$rtentry$$0000000C  c_w.l(__rtentry2.o)
    0x080001dc   0x00000008   Code   RO         4540    .ARM.Collect$$rtentry$$0000000D  c_w.l(__rtentry2.o)
    0x080001e4   0x00000002   Code   RO         4678    .ARM.Collect$$rtexit$$00000000  c_w.l(rtexit.o)
    0x080001e6   0x00000000   Code   RO         4691    .ARM.Collect$$rtexit$$00000002  c_w.l(rtexit2.o)
    0x080001e6   0x00000004   Code   RO         4692    .ARM.Collect$$rtexit$$00000003  c_w.l(rtexit2.o)
    0x080001ea   0x00000006   Code   RO         4693    .ARM.Collect$$rtexit$$00000004  c_w.l(rtexit2.o)
    0x080001f0   0x00000040   Code   RO         1312  * .text               startup_stm32f10x_hd.o
    0x08000230   0x00000002   Code   RO         4285    .text               c_w.l(use_no_semi_2.o)
    0x08000232   0x00000048   Code   RO         4287    .text               c_w.l(llsdiv.o)
    0x0800027a   0x00000002   PAD
    0x0800027c   0x00000018   Code   RO         4291    .text               c_w.l(noretval__2printf.o)
    0x08000294   0x0000004e   Code   RO         4295    .text               c_w.l(_printf_pad.o)
    0x080002e2   0x00000052   Code   RO         4297    .text               c_w.l(_printf_str.o)
    0x08000334   0x00000078   Code   RO         4299    .text               c_w.l(_printf_dec.o)
    0x080003ac   0x00000138   Code   RO         4334    .text               c_w.l(__printf_flags_wp.o)
    0x080004e4   0x00000058   Code   RO         4347    .text               c_w.l(memcmp.o)
    0x0800053c   0x00000010   Code   RO         4349    .text               c_w.l(aeabi_memset.o)
    0x0800054c   0x00000006   Code   RO         4351    .text               c_w.l(heapauxi.o)
    0x08000552   0x00000002   Code   RO         4455    .text               c_w.l(use_no_semi.o)
    0x08000554   0x000000ee   Code   RO         4458    .text               c_w.l(lludivv7m.o)
    0x08000642   0x00000016   Code   RO         4460    .text               c_w.l(_rserrno.o)
    0x08000658   0x000000b2   Code   RO         4462    .text               c_w.l(_printf_intcommon.o)
    0x0800070a   0x0000041a   Code   RO         4464    .text               c_w.l(_printf_fp_dec.o)
    0x08000b24   0x0000002c   Code   RO         4466    .text               c_w.l(_printf_char.o)
    0x08000b50   0x00000024   Code   RO         4468    .text               c_w.l(_printf_char_file.o)
    0x08000b74   0x00000044   Code   RO         4471    .text               c_w.l(rt_memclr.o)
    0x08000bb8   0x00000008   Code   RO         4555    .text               c_w.l(rt_locale_intlibspace.o)
    0x08000bc0   0x00000008   Code   RO         4560    .text               c_w.l(rt_errno_addr_intlibspace.o)
    0x08000bc8   0x0000008a   Code   RO         4562    .text               c_w.l(lludiv10.o)
    0x08000c52   0x00000002   PAD
    0x08000c54   0x00000030   Code   RO         4564    .text               c_w.l(_printf_char_common.o)
    0x08000c84   0x00000080   Code   RO         4566    .text               c_w.l(_printf_fp_infnan.o)
    0x08000d04   0x000000dc   Code   RO         4568    .text               c_w.l(bigflt0.o)
    0x08000de0   0x00000008   Code   RO         4593    .text               c_w.l(ferror.o)
    0x08000de8   0x0000004e   Code   RO         4600    .text               c_w.l(rt_memclr_w.o)
    0x08000e36   0x00000002   PAD
    0x08000e38   0x00000008   Code   RO         4612    .text               c_w.l(libspace.o)
    0x08000e40   0x0000004a   Code   RO         4615    .text               c_w.l(sys_stackheap_outer.o)
    0x08000e8a   0x0000000c   Code   RO         4621    .text               c_w.l(exit.o)
    0x08000e96   0x00000002   PAD
    0x08000e98   0x00000080   Code   RO         4623    .text               c_w.l(strcmpv7m.o)
    0x08000f18   0x0000003e   Code   RO         4571    CL$$btod_d2e        c_w.l(btod.o)
    0x08000f56   0x00000046   Code   RO         4573    CL$$btod_d2e_denorm_low  c_w.l(btod.o)
    0x08000f9c   0x00000060   Code   RO         4572    CL$$btod_d2e_norm_op1  c_w.l(btod.o)
    0x08000ffc   0x00000338   Code   RO         4581    CL$$btod_div_common  c_w.l(btod.o)
    0x08001334   0x000000c6   Code   RO         4578    CL$$btod_e2e        c_w.l(btod.o)
    0x080013fa   0x00000028   Code   RO         4575    CL$$btod_ediv       c_w.l(btod.o)
    0x08001422   0x00000028   Code   RO         4574    CL$$btod_emul       c_w.l(btod.o)
    0x0800144a   0x00000244   Code   RO         4580    CL$$btod_mult_common  c_w.l(btod.o)
    0x0800168e   0x00000004   Code   RO          168    i.BusFault_Handler  stm32f10x_it.o
    0x08001692   0x00000002   Code   RO          169    i.DebugMon_Handler  stm32f10x_it.o
    0x08001694   0x00000116   Code   RO         2467    i.GPIO_Init         stm32f10x_gpio.o
    0x080017aa   0x00000002   PAD
    0x080017ac   0x00000090   Code   RO         2469    i.GPIO_PinRemapConfig  stm32f10x_gpio.o
    0x0800183c   0x00000004   Code   RO         2474    i.GPIO_ResetBits    stm32f10x_gpio.o
    0x08001840   0x00000004   Code   RO         2475    i.GPIO_SetBits      stm32f10x_gpio.o
    0x08001844   0x00000004   Code   RO          170    i.HardFault_Handler  stm32f10x_it.o
    0x08001848   0x00000024   Code   RO          511    i.KICK              kicker.o
    0x0800186c   0x00000078   Code   RO          512    i.KICK_Init         kicker.o
    0x080018e4   0x00000050   Code   RO          708    i.MPU_Get_Accelerometer  mpu6050.o
    0x08001934   0x00000050   Code   RO          709    i.MPU_Get_Gyroscope  mpu6050.o
    0x08001984   0x0000004c   Code   RO          648    i.MPU_IIC_Ack       mpuiic.o
    0x080019d0   0x0000000a   Code   RO          649    i.MPU_IIC_Delay     mpuiic.o
    0x080019da   0x00000002   PAD
    0x080019dc   0x00000038   Code   RO          650    i.MPU_IIC_Init      mpuiic.o
    0x08001a14   0x0000004c   Code   RO          651    i.MPU_IIC_NAck      mpuiic.o
    0x08001a60   0x0000006c   Code   RO          652    i.MPU_IIC_Read_Byte  mpuiic.o
    0x08001acc   0x0000005c   Code   RO          653    i.MPU_IIC_Send_Byte  mpuiic.o
    0x08001b28   0x00000048   Code   RO          654    i.MPU_IIC_Start     mpuiic.o
    0x08001b70   0x00000048   Code   RO          655    i.MPU_IIC_Stop      mpuiic.o
    0x08001bb8   0x00000064   Code   RO          656    i.MPU_IIC_Wait_Ack  mpuiic.o
    0x08001c1c   0x0000007a   Code   RO          711    i.MPU_Init          mpu6050.o
    0x08001c96   0x0000003a   Code   RO          712    i.MPU_Read_Byte     mpu6050.o
    0x08001cd0   0x00000074   Code   RO          713    i.MPU_Read_Len      mpu6050.o
    0x08001d44   0x00000010   Code   RO          714    i.MPU_Set_Accel_Fsr  mpu6050.o
    0x08001d54   0x00000010   Code   RO          715    i.MPU_Set_Gyro_Fsr  mpu6050.o
    0x08001d64   0x0000003a   Code   RO          716    i.MPU_Set_LPF       mpu6050.o
    0x08001d9e   0x0000003a   Code   RO          717    i.MPU_Set_Rate      mpu6050.o
    0x08001dd8   0x00000044   Code   RO          718    i.MPU_Write_Byte    mpu6050.o
    0x08001e1c   0x00000060   Code   RO          719    i.MPU_Write_Len     mpu6050.o
    0x08001e7c   0x00000004   Code   RO          171    i.MemManage_Handler  stm32f10x_it.o
    0x08001e80   0x00000002   Code   RO          172    i.NMI_Handler       stm32f10x_it.o
    0x08001e82   0x00000002   PAD
    0x08001e84   0x00000070   Code   RO         1316    i.NVIC_Init         misc.o
    0x08001ef4   0x00000014   Code   RO         1317    i.NVIC_PriorityGroupConfig  misc.o
    0x08001f08   0x00000002   Code   RO          173    i.PendSV_Handler    stm32f10x_it.o
    0x08001f0a   0x00000002   PAD
    0x08001f0c   0x00000020   Code   RO         2883    i.RCC_APB1PeriphClockCmd  stm32f10x_rcc.o
    0x08001f2c   0x00000020   Code   RO         2885    i.RCC_APB2PeriphClockCmd  stm32f10x_rcc.o
    0x08001f4c   0x000000d4   Code   RO         2893    i.RCC_GetClocksFreq  stm32f10x_rcc.o
    0x08002020   0x00000002   Code   RO          174    i.SVC_Handler       stm32f10x_it.o
    0x08002022   0x00000008   Code   RO          231    i.SetSysClock       system_stm32f10x.o
    0x0800202a   0x00000002   PAD
    0x0800202c   0x000000e0   Code   RO          232    i.SetSysClockTo72   system_stm32f10x.o
    0x0800210c   0x00000028   Code   RO         1320    i.SysTick_CLKSourceConfig  misc.o
    0x08002134   0x00000002   Code   RO          175    i.SysTick_Handler   stm32f10x_it.o
    0x08002136   0x00000002   PAD
    0x08002138   0x00000060   Code   RO          234    i.SystemInit        system_stm32f10x.o
    0x08002198   0x00000068   Code   RO          442    i.TIM2_Encoder_Init  timer.o
    0x08002200   0x00000008   Code   RO          443    i.TIM2_Encoder_Write  timer.o
    0x08002208   0x000000e0   Code   RO          418    i.TIM3_PWM_Init     pwm.o
    0x080022e8   0x00000084   Code   RO          444    i.TIM4_Encoder_Init  timer.o
    0x0800236c   0x0000000c   Code   RO          445    i.TIM4_Encoder_Write  timer.o
    0x08002378   0x000000e4   Code   RO          446    i.TIM5_IRQHandler   timer.o
    0x0800245c   0x00000064   Code   RO          447    i.TIM5_Int_Init     timer.o
    0x080024c0   0x00000090   Code   RO          448    i.TIM6_IRQHandler   timer.o
    0x08002550   0x00000060   Code   RO          449    i.TIM6_Int_Init     timer.o
    0x080025b0   0x00000006   Code   RO         3512    i.TIM_ClearITPendingBit  stm32f10x_tim.o
    0x080025b6   0x00000018   Code   RO         3517    i.TIM_Cmd           stm32f10x_tim.o
    0x080025ce   0x00000022   Code   RO         3538    i.TIM_GetITStatus   stm32f10x_tim.o
    0x080025f0   0x00000012   Code   RO         3542    i.TIM_ITConfig      stm32f10x_tim.o
    0x08002602   0x00000002   PAD
    0x08002604   0x00000098   Code   RO         3546    i.TIM_OC1Init       stm32f10x_tim.o
    0x0800269c   0x00000012   Code   RO         3549    i.TIM_OC1PreloadConfig  stm32f10x_tim.o
    0x080026ae   0x00000002   PAD
    0x080026b0   0x000000a4   Code   RO         3551    i.TIM_OC2Init       stm32f10x_tim.o
    0x08002754   0x0000001a   Code   RO         3554    i.TIM_OC2PreloadConfig  stm32f10x_tim.o
    0x0800276e   0x00000002   PAD
    0x08002770   0x000000a0   Code   RO         3556    i.TIM_OC3Init       stm32f10x_tim.o
    0x08002810   0x00000012   Code   RO         3559    i.TIM_OC3PreloadConfig  stm32f10x_tim.o
    0x08002822   0x00000002   PAD
    0x08002824   0x0000007c   Code   RO         3561    i.TIM_OC4Init       stm32f10x_tim.o
    0x080028a0   0x0000001a   Code   RO         3563    i.TIM_OC4PreloadConfig  stm32f10x_tim.o
    0x080028ba   0x00000004   Code   RO         3578    i.TIM_SetCompare1   stm32f10x_tim.o
    0x080028be   0x00000004   Code   RO         3579    i.TIM_SetCompare2   stm32f10x_tim.o
    0x080028c2   0x00000004   Code   RO         3580    i.TIM_SetCompare3   stm32f10x_tim.o
    0x080028c6   0x00000006   Code   RO         3581    i.TIM_SetCompare4   stm32f10x_tim.o
    0x080028cc   0x000000a4   Code   RO         3588    i.TIM_TimeBaseInit  stm32f10x_tim.o
    0x08002970   0x00000088   Code   RO          365    i.USART1_IRQHandler  usart.o
    0x080029f8   0x00000018   Code   RO         4053    i.USART_Cmd         stm32f10x_usart.o
    0x08002a10   0x00000054   Code   RO         4057    i.USART_GetITStatus  stm32f10x_usart.o
    0x08002a64   0x0000004a   Code   RO         4059    i.USART_ITConfig    stm32f10x_usart.o
    0x08002aae   0x00000002   PAD
    0x08002ab0   0x000000d8   Code   RO         4060    i.USART_Init        stm32f10x_usart.o
    0x08002b88   0x0000000a   Code   RO         4067    i.USART_ReceiveData  stm32f10x_usart.o
    0x08002b92   0x00000004   Code   RO          176    i.UsageFault_Handler  stm32f10x_it.o
    0x08002b96   0x00000028   Code   RO         4517    i.__ARM_fpclassify  m_ws.l(fpclassify.o)
    0x08002bbe   0x000000aa   Code   RO         4519    i.__kernel_poly     m_ws.l(poly.o)
    0x08002c68   0x00000006   Code   RO         4504    i.__mathlib_dbl_infnan  m_ws.l(dunder.o)
    0x08002c6e   0x00000004   Code   RO         4505    i.__mathlib_dbl_infnan2  m_ws.l(dunder.o)
    0x08002c72   0x0000000c   Code   RO         4506    i.__mathlib_dbl_invalid  m_ws.l(dunder.o)
    0x08002c7e   0x00000002   PAD
    0x08002c80   0x00000010   Code   RO         4509    i.__mathlib_dbl_underflow  m_ws.l(dunder.o)
    0x08002c90   0x0000000e   Code   RO         4332    i._is_digit         c_w.l(__printf_wp.o)
    0x08002c9e   0x00000006   Code   RO          368    i._sys_exit         usart.o
    0x08002ca4   0x000000a8   Code   RO          786    i.accel_self_test   inv_mpu.o
    0x08002d4c   0x00000190   Code   RO          265    i.adj_spd           state.o
    0x08002edc   0x00000270   Code   RO         4422    i.asin              m_ws.l(asin.o)
    0x0800314c   0x00000220   Code   RO         4491    i.atan              m_ws.l(atan.o)
    0x0800336c   0x00000180   Code   RO         4432    i.atan2             m_ws.l(atan2.o)
    0x080034ec   0x00000006   Code   RO          534    i.ball_x            com.o
    0x080034f2   0x00000010   Code   RO          535    i.ball_y            com.o
    0x08003502   0x00000002   PAD
    0x08003504   0x00000064   Code   RO         1117    i.decode_gesture    inv_mpu_dmp_motion_driver.o
    0x08003568   0x00000044   Code   RO          310    i.delay_init        delay.o
    0x080035ac   0x0000004c   Code   RO          311    i.delay_ms          delay.o
    0x080035f8   0x0000004c   Code   RO          312    i.delay_us          delay.o
    0x08003644   0x0000003c   Code   RO         1118    i.dmp_enable_6x_lp_quat  inv_mpu_dmp_motion_driver.o
    0x08003680   0x0000021c   Code   RO         1119    i.dmp_enable_feature  inv_mpu_dmp_motion_driver.o
    0x0800389c   0x00000058   Code   RO         1120    i.dmp_enable_gyro_cal  inv_mpu_dmp_motion_driver.o
    0x080038f4   0x0000003c   Code   RO         1121    i.dmp_enable_lp_quat  inv_mpu_dmp_motion_driver.o
    0x08003930   0x00000018   Code   RO         1126    i.dmp_load_motion_driver_firmware  inv_mpu_dmp_motion_driver.o
    0x08003948   0x000001cc   Code   RO         1127    i.dmp_read_fifo     inv_mpu_dmp_motion_driver.o
    0x08003b14   0x00000130   Code   RO         1130    i.dmp_set_accel_bias  inv_mpu_dmp_motion_driver.o
    0x08003c44   0x00000070   Code   RO         1131    i.dmp_set_fifo_rate  inv_mpu_dmp_motion_driver.o
    0x08003cb4   0x00000130   Code   RO         1132    i.dmp_set_gyro_bias  inv_mpu_dmp_motion_driver.o
    0x08003de4   0x00000138   Code   RO         1134    i.dmp_set_orientation  inv_mpu_dmp_motion_driver.o
    0x08003f1c   0x00000038   Code   RO         1137    i.dmp_set_shake_reject_thresh  inv_mpu_dmp_motion_driver.o
    0x08003f54   0x00000026   Code   RO         1138    i.dmp_set_shake_reject_time  inv_mpu_dmp_motion_driver.o
    0x08003f7a   0x00000026   Code   RO         1139    i.dmp_set_shake_reject_timeout  inv_mpu_dmp_motion_driver.o
    0x08003fa0   0x00000046   Code   RO         1140    i.dmp_set_tap_axes  inv_mpu_dmp_motion_driver.o
    0x08003fe6   0x00000026   Code   RO         1141    i.dmp_set_tap_count  inv_mpu_dmp_motion_driver.o
    0x0800400c   0x000001a0   Code   RO         1142    i.dmp_set_tap_thresh  inv_mpu_dmp_motion_driver.o
    0x080041ac   0x00000026   Code   RO         1143    i.dmp_set_tap_time  inv_mpu_dmp_motion_driver.o
    0x080041d2   0x00000026   Code   RO         1144    i.dmp_set_tap_time_multi  inv_mpu_dmp_motion_driver.o
    0x080041f8   0x0000001c   Code   RO          369    i.fputc             usart.o
    0x08004214   0x00000008   Code   RO          537    i.game_state        com.o
    0x0800421c   0x000000b4   Code   RO          787    i.get_accel_prod_shift  inv_mpu.o
    0x080042d0   0x00000470   Code   RO          788    i.get_st_biases     inv_mpu.o
    0x08004740   0x00000110   Code   RO          789    i.gyro_self_test    inv_mpu.o
    0x08004850   0x000000f4   Code   RO            2    i.init_paras        main.o
    0x08004944   0x00000028   Code   RO          790    i.inv_orientation_matrix_to_scalar  inv_mpu.o
    0x0800496c   0x0000004e   Code   RO          791    i.inv_row_2_scale   inv_mpu.o
    0x080049ba   0x00000002   PAD
    0x080049bc   0x0000015c   Code   RO            3    i.main              main.o
    0x08004b18   0x00000002   Code   RO          792    i.mget_ms           inv_mpu.o
    0x08004b1a   0x00000002   PAD
    0x08004b1c   0x00000070   Code   RO          793    i.mpu_configure_fifo  inv_mpu.o
    0x08004b8c   0x00000224   Code   RO          794    i.mpu_dmp_get_data  inv_mpu.o
    0x08004db0   0x000000a0   Code   RO          795    i.mpu_dmp_init      inv_mpu.o
    0x08004e50   0x0000004c   Code   RO          796    i.mpu_get_accel_fsr  inv_mpu.o
    0x08004e9c   0x00000054   Code   RO          798    i.mpu_get_accel_sens  inv_mpu.o
    0x08004ef0   0x00000010   Code   RO          803    i.mpu_get_fifo_config  inv_mpu.o
    0x08004f00   0x00000044   Code   RO          804    i.mpu_get_gyro_fsr  inv_mpu.o
    0x08004f44   0x00000050   Code   RO          806    i.mpu_get_gyro_sens  inv_mpu.o
    0x08004f94   0x00000050   Code   RO          808    i.mpu_get_lpf       inv_mpu.o
    0x08004fe4   0x00000020   Code   RO          810    i.mpu_get_sample_rate  inv_mpu.o
    0x08005004   0x000001f0   Code   RO          812    i.mpu_init          inv_mpu.o
    0x080051f4   0x000000b8   Code   RO          813    i.mpu_load_firmware  inv_mpu.o
    0x080052ac   0x000000e0   Code   RO          814    i.mpu_lp_accel_mode  inv_mpu.o
    0x0800538c   0x000000c0   Code   RO          817    i.mpu_read_fifo_stream  inv_mpu.o
    0x0800544c   0x00000080   Code   RO          818    i.mpu_read_mem      inv_mpu.o
    0x080054cc   0x000001c8   Code   RO          821    i.mpu_reset_fifo    inv_mpu.o
    0x08005694   0x0000011c   Code   RO          822    i.mpu_run_self_test  inv_mpu.o
    0x080057b0   0x00000084   Code   RO          824    i.mpu_set_accel_fsr  inv_mpu.o
    0x08005834   0x0000014c   Code   RO          825    i.mpu_set_bypass    inv_mpu.o
    0x08005980   0x00000090   Code   RO          827    i.mpu_set_dmp_state  inv_mpu.o
    0x08005a10   0x00000088   Code   RO          828    i.mpu_set_gyro_fsr  inv_mpu.o
    0x08005a98   0x0000006c   Code   RO          829    i.mpu_set_int_latched  inv_mpu.o
    0x08005b04   0x00000084   Code   RO          831    i.mpu_set_lpf       inv_mpu.o
    0x08005b88   0x0000009c   Code   RO          832    i.mpu_set_sample_rate  inv_mpu.o
    0x08005c24   0x000000d0   Code   RO          833    i.mpu_set_sensors   inv_mpu.o
    0x08005cf4   0x00000080   Code   RO          834    i.mpu_write_mem     inv_mpu.o
    0x08005d74   0x00000094   Code   RO          835    i.run_self_test     inv_mpu.o
    0x08005e08   0x00000006   Code   RO          547    i.self_x            com.o
    0x08005e0e   0x00000010   Code   RO          548    i.self_y            com.o
    0x08005e1e   0x00000002   PAD
    0x08005e20   0x00000090   Code   RO          836    i.set_int_enable    inv_mpu.o
    0x08005eb0   0x00000048   Code   RO          419    i.set_speed_left    pwm.o
    0x08005ef8   0x00000048   Code   RO          420    i.set_speed_right   pwm.o
    0x08005f40   0x0000004c   Code   RO         4448    i.sqrt              m_ws.l(sqrt.o)
    0x08005f8c   0x00000054   Code   RO            4    i.system_init       main.o
    0x08005fe0   0x00000244   Code   RO          631    i.traceBall_turn    traceball.o
    0x08006224   0x000000a0   Code   RO          370    i.uart_init         usart.o
    0x080062c4   0x0000002c   Code   RO         4598    locale$$code        c_w.l(lc_numeric_c.o)
    0x080062f0   0x00000062   Code   RO         4355    x$fpl$d2f           fz_ws.l(d2f.o)
    0x08006352   0x00000002   PAD
    0x08006354   0x00000150   Code   RO         4357    x$fpl$dadd          fz_ws.l(daddsub_clz.o)
    0x080064a4   0x00000010   Code   RO         4602    x$fpl$dcheck1       fz_ws.l(dcheck1.o)
    0x080064b4   0x000002b0   Code   RO         4364    x$fpl$ddiv          fz_ws.l(ddiv.o)
    0x08006764   0x00000026   Code   RO         4367    x$fpl$dfltu         fz_ws.l(dflt_clz.o)
    0x0800678a   0x00000002   PAD
    0x0800678c   0x00000154   Code   RO         4373    x$fpl$dmul          fz_ws.l(dmul.o)
    0x080068e0   0x0000009c   Code   RO         4475    x$fpl$dnaninf       fz_ws.l(dnaninf.o)
    0x0800697c   0x0000000c   Code   RO         4477    x$fpl$dretinf       fz_ws.l(dretinf.o)
    0x08006988   0x00000016   Code   RO         4358    x$fpl$drsb          fz_ws.l(daddsub_clz.o)
    0x0800699e   0x00000002   PAD
    0x080069a0   0x000001cc   Code   RO         4479    x$fpl$dsqrt         fz_ws.l(dsqrt_noumaal.o)
    0x08006b6c   0x000001d4   Code   RO         4359    x$fpl$dsub          fz_ws.l(daddsub_clz.o)
    0x08006d40   0x00000056   Code   RO         4375    x$fpl$f2d           fz_ws.l(f2d.o)
    0x08006d96   0x00000002   PAD
    0x08006d98   0x000000c4   Code   RO         4377    x$fpl$fadd          fz_ws.l(faddsub_clz.o)
    0x08006e5c   0x00000018   Code   RO         4481    x$fpl$fcmpinf       fz_ws.l(fcmpi.o)
    0x08006e74   0x00000184   Code   RO         4384    x$fpl$fdiv          fz_ws.l(fdiv.o)
    0x08006ff8   0x00000068   Code   RO         4387    x$fpl$feqf          fz_ws.l(feqf.o)
    0x08007060   0x00000036   Code   RO         4389    x$fpl$ffix          fz_ws.l(ffix.o)
    0x08007096   0x00000002   PAD
    0x08007098   0x0000003e   Code   RO         4393    x$fpl$ffixu         fz_ws.l(ffixu.o)
    0x080070d6   0x00000002   PAD
    0x080070d8   0x00000030   Code   RO         4398    x$fpl$fflt          fz_ws.l(fflt_clz.o)
    0x08007108   0x00000026   Code   RO         4397    x$fpl$ffltu         fz_ws.l(fflt_clz.o)
    0x0800712e   0x00000002   PAD
    0x08007130   0x00000068   Code   RO         4403    x$fpl$fleqf         fz_ws.l(fleqf.o)
    0x08007198   0x00000102   Code   RO         4405    x$fpl$fmul          fz_ws.l(fmul.o)
    0x0800729a   0x0000008c   Code   RO         4483    x$fpl$fnaninf       fz_ws.l(fnaninf.o)
    0x08007326   0x0000000a   Code   RO         4485    x$fpl$fretinf       fz_ws.l(fretinf.o)
    0x08007330   0x00000062   Code   RO         4407    x$fpl$frleqf        fz_ws.l(frleqf.o)
    0x08007392   0x00000002   PAD
    0x08007394   0x000000ea   Code   RO         4379    x$fpl$fsub          fz_ws.l(faddsub_clz.o)
    0x0800747e   0x00000004   Code   RO         4409    x$fpl$printf1       fz_ws.l(printf1.o)
    0x08007482   0x00000064   Code   RO         4676    x$fpl$retnan        fz_ws.l(retnan.o)
    0x080074e6   0x0000005c   Code   RO         4487    x$fpl$scalbn        fz_ws.l(scalbn.o)
    0x08007542   0x00000030   Code   RO         4688    x$fpl$trapveneer    fz_ws.l(trapv.o)
    0x08007572   0x00000000   Code   RO         4489    x$fpl$usenofp       fz_ws.l(usenofp.o)
    0x08007572   0x00000002   PAD
    0x08007574   0x00000050   Data   RO          838    .constdata          inv_mpu.o
    0x080075c4   0x00000bf6   Data   RO         1146    .constdata          inv_mpu_dmp_motion_driver.o
    0x080081ba   0x00000011   Data   RO         4335    .constdata          c_w.l(__printf_flags_wp.o)
    0x080081cb   0x00000005   PAD
    0x080081d0   0x00000050   Data   RO         4423    .constdata          m_ws.l(asin.o)
    0x08008220   0x00000098   Data   RO         4492    .constdata          m_ws.l(atan.o)
    0x080082b8   0x00000008   Data   RO         4521    .constdata          m_ws.l(qnan.o)
    0x080082c0   0x00000094   Data   RO         4569    .constdata          c_w.l(bigflt0.o)
    0x08008354   0x0000004d   Data   RO          839    .conststring        inv_mpu.o
    0x080083a1   0x00000003   PAD
    0x080083a4   0x00000020   Data   RO         4758    Region$$Table       anon$$obj.o
    0x080083c4   0x0000001c   Data   RO         4597    locale$$data        c_w.l(lc_numeric_c.o)


    Execution Region ER_RW (Base: 0x20000000, Size: 0x000000c0, Max: 0xffffffff, ABSOLUTE)

    Base Addr    Size         Type   Attr      Idx    E Section Name        Object

    0x20000000   0x00000004   Data   RW            5    .data               main.o
    0x20000004   0x00000014   Data   RW          235    .data               system_stm32f10x.o
    0x20000018   0x00000050   Data   RW          267    .data               state.o
    0x20000068   0x00000004   Data   RW          313    .data               delay.o
    0x2000006c   0x00000006   Data   RW          372    .data               usart.o
    0x20000072   0x00000002   PAD
    0x20000074   0x00000035   Data   RW          840    .data               inv_mpu.o
    0x200000a9   0x00000014   Data   RW         2913    .data               stm32f10x_rcc.o


    Execution Region ER_ZI (Base: 0x200000c0, Size: 0x000007a0, Max: 0xffffffff, ABSOLUTE)

    Base Addr    Size         Type   Attr      Idx    E Section Name        Object

    0x200000c0   0x00000064   Zero   RW          266    .bss                state.o
    0x20000124   0x000000c8   Zero   RW          371    .bss                usart.o
    0x200001ec   0x00000010   Zero   RW         1145    .bss                inv_mpu_dmp_motion_driver.o
    0x200001fc   0x00000060   Zero   RW         4613    .bss                c_w.l(libspace.o)
    0x2000025c   0x00000004   PAD
    0x20000260   0x00000200   Zero   RW         1310    HEAP                startup_stm32f10x_hd.o
    0x20000460   0x00000400   Zero   RW         1309    STACK               startup_stm32f10x_hd.o


==============================================================================

Image component sizes


      Code (inc. data)   RO Data    RW Data    ZI Data      Debug   Object Name

        52          0          0          0          0       2505   com.o
       220         26          0          4          0       1695   delay.o
      6864        290        157         53          0      30528   inv_mpu.o
      3096        122       3062          0         16      20410   inv_mpu_dmp_motion_driver.o
       156         10          0          0          0        983   kicker.o
       676        204          0          4          0     252916   main.o
       172         22          0          0          0       2049   misc.o
       768          0          0          0          0       7331   mpu6050.o
       662        100          0          0          0       4754   mpuiic.o
       368         28          0          0          0       1795   pwm.o
        64         26        304          0       1536        800   startup_stm32f10x_hd.o
       400        136          0         80        100     206875   state.o
       430          6          0          0          0       3838   stm32f10x_gpio.o
        26          0          0          0          0       3686   stm32f10x_it.o
       276         32          0         20          0       4430   stm32f10x_rcc.o
       952         92          0          0          0      10830   stm32f10x_tim.o
       408          6          0          0          0       4930   stm32f10x_usart.o
         0          0          0          0          0         32   sys.o
       328         28          0         20          0       2077   system_stm32f10x.o
       824        126          0          0          0       4426   timer.o
       580        126          0          0          0        801   traceball.o
       330         26          0          6        200       4116   usart.o

    ----------------------------------------------------------------------
     17682       1406       3558        192       1852     571807   Object Totals
         0          0         32          0          0          0   (incl. Generated)
        30          0          3          5          0          0   (incl. Padding)

    ----------------------------------------------------------------------

      Code (inc. data)   RO Data    RW Data    ZI Data      Debug   Library Member Name

         8          0          0          0          0         68   __main.o
       312          4         17          0          0         92   __printf_flags_wp.o
        14          0          0          0          0         68   __printf_wp.o
         0          0          0          0          0          0   __rtentry.o
        12          0          0          0          0          0   __rtentry2.o
         6          0          0          0          0          0   __rtentry4.o
        52          8          0          0          0          0   __scatter.o
        26          0          0          0          0          0   __scatter_copy.o
        28          0          0          0          0          0   __scatter_zi.o
         6          0          0          0          0          0   _printf_c.o
        44          0          0          0          0        108   _printf_char.o
        48          6          0          0          0         96   _printf_char_common.o
        36          4          0          0          0         80   _printf_char_file.o
         6          0          0          0          0          0   _printf_d.o
       120         16          0          0          0         92   _printf_dec.o
         6          0          0          0          0          0   _printf_f.o
      1050          0          0          0          0        216   _printf_fp_dec.o
       128         16          0          0          0         84   _printf_fp_infnan.o
       178          0          0          0          0         88   _printf_intcommon.o
        78          0          0          0          0        108   _printf_pad.o
         0          0          0          0          0          0   _printf_percent.o
         4          0          0          0          0          0   _printf_percent_end.o
        82          0          0          0          0         80   _printf_str.o
        22          0          0          0          0        100   _rserrno.o
        16          0          0          0          0         68   aeabi_memset.o
       220          4        148          0          0         96   bigflt0.o
      1910        128          0          0          0        672   btod.o
        12          0          0          0          0         72   exit.o
         8          0          0          0          0         68   ferror.o
         6          0          0          0          0        152   heapauxi.o
        44         10         28          0          0         76   lc_numeric_c.o
         2          0          0          0          0          0   libinit.o
        18          0          0          0          0          0   libinit2.o
         2          0          0          0          0          0   libshutdown.o
         2          0          0          0          0          0   libshutdown2.o
         8          4          0          0         96         68   libspace.o
        72          0          0          0          0         76   llsdiv.o
       138          0          0          0          0         80   lludiv10.o
       238          0          0          0          0        100   lludivv7m.o
        88          0          0          0          0         76   memcmp.o
        24          4          0          0          0         84   noretval__2printf.o
         8          4          0          0          0         68   rt_errno_addr_intlibspace.o
         8          4          0          0          0         68   rt_locale_intlibspace.o
        68          0          0          0          0         68   rt_memclr.o
        78          0          0          0          0         80   rt_memclr_w.o
         2          0          0          0          0          0   rtexit.o
        10          0          0          0          0          0   rtexit2.o
       128          0          0          0          0         68   strcmpv7m.o
        74          0          0          0          0         80   sys_stackheap_outer.o
         2          0          0          0          0         68   use_no_semi.o
         2          0          0          0          0         68   use_no_semi_2.o
        98          4          0          0          0         92   d2f.o
       826         16          0          0          0        348   daddsub_clz.o
        16          4          0          0          0         68   dcheck1.o
       688        140          0          0          0        208   ddiv.o
        38          0          0          0          0         68   dflt_clz.o
       340         12          0          0          0        104   dmul.o
       156          4          0          0          0         92   dnaninf.o
        12          0          0          0          0         68   dretinf.o
       460         56          0          0          0        120   dsqrt_noumaal.o
        86          4          0          0          0         84   f2d.o
       430          8          0          0          0        168   faddsub_clz.o
        24          0          0          0          0         68   fcmpi.o
       388         76          0          0          0         96   fdiv.o
       104          4          0          0          0         84   feqf.o
        54          4          0          0          0         84   ffix.o
        62          4          0          0          0         84   ffixu.o
        86          0          0          0          0        136   fflt_clz.o
       104          4          0          0          0         84   fleqf.o
       258          4          0          0          0         84   fmul.o
       140          4          0          0          0         84   fnaninf.o
        10          0          0          0          0         68   fretinf.o
        98          0          0          0          0         68   frleqf.o
         4          0          0          0          0         68   printf1.o
       100          0          0          0          0         68   retnan.o
        92          0          0          0          0         68   scalbn.o
        48          0          0          0          0         68   trapv.o
         0          0          0          0          0          0   usenofp.o
       624         52         80          0          0        168   asin.o
       544         70        152          0          0        124   atan.o
       384         38          0          0          0        144   atan2.o
        38          6          0          0          0        272   dunder.o
        40          0          0          0          0         68   fpclassify.o
       170          0          0          0          0         96   poly.o
         0          0          8          0          0          0   qnan.o
        76          0          0          0          0         84   sqrt.o

    ----------------------------------------------------------------------
     12082        726        438          0        100       7124   Library Totals
        30          0          5          0          4          0   (incl. Padding)

    ----------------------------------------------------------------------

      Code (inc. data)   RO Data    RW Data    ZI Data      Debug   Library Name

      5454        212        193          0         96       3536   c_w.l
      4722        348          0          0          0       2632   fz_ws.l
      1876        166        240          0          0        956   m_ws.l

    ----------------------------------------------------------------------
     12082        726        438          0        100       7124   Library Totals

    ----------------------------------------------------------------------

==============================================================================


      Code (inc. data)   RO Data    RW Data    ZI Data      Debug   

     29764       2132       3996        192       1952     567435   Grand Totals
     29764       2132       3996        192       1952     567435   ELF Image Totals
     29764       2132       3996        192          0          0   ROM Totals

==============================================================================

    Total RO  Size (Code + RO Data)                33760 (  32.97kB)
    Total RW  Size (RW Data + ZI Data)              2144 (   2.09kB)
    Total ROM Size (Code + RO Data + RW Data)      33952 (  33.16kB)

==============================================================================

