<html>
<body>
<pre>
<h1>礦ision Build Log</h1>
<h2>Tool Versions:</h2>
IDE-Version: μVision V5.14.0.0
Copyright (C) 2015 ARM Ltd and ARM Germany GmbH. All rights reserved.
License Information: 1 1, 1, LIC=VGXHL-0K64M-X7QRZ-J6Q2V-1TV5I-8E35K
 
Tool Versions:
Toolchain:       MDK-ARM Standard  Version: 5.14.0.0
Toolchain Path:  E:\mdk514\ARM\ARMCC\Bin
C Compiler:      Armcc.exe V5.05 update 1 (build 106)
Assembler:       Armasm.exe V5.05 update 1 (build 106)
Linker/Locator:  ArmLink.exe V5.05 update 1 (build 106)
Library Manager: ArmAr.exe V5.05 update 1 (build 106)
Hex Converter:   FromElf.exe V5.05 update 1 (build 106)
CPU DLL:         SARMCM3.DLL V5.14.0.0
Dialog DLL:      DCM.DLL V1.13.1.0
Target DLL:      STLink\ST-LINKIII-KEIL_SWO.dll V2.0.14.0_KEIL
Dialog DLL:      TCM.DLL V1.14.4.0
 
<h2>Project:</h2>
C:\Users\dreamofxiao\Desktop\新建文件夹\SoccerCar\src\USER\Template.uvprojx
Project File Date:  11/05/2017

<h2>Output:</h2>
Build target 'Template'
compiling traceBall.c...
..\SYSTEM\traceBall\traceBall.h(4): warning:  #1295-D: Deprecated declaration traceBall - give arg types
  void traceBall();
..\SYSTEM\traceBall\traceBall.h(5): warning:  #1295-D: Deprecated declaration traceBall_turn - give arg types
  void traceBall_turn();
..\SYSTEM\traceBall\traceBall.h(7): warning:  #1-D: last line of file ends without a newline
  #endif
..\USER\state\state.h(23): warning:  #1-D: last line of file ends without a newline
  #endif
..\SYSTEM\com\com.h(36): warning:  #1-D: last line of file ends without a newline
  #endif
..\SYSTEM\traceBall\traceBall.c: 5 warnings, 0 errors
linking...
Program Size: Code=29764 RO-data=3996 RW-data=192 ZI-data=1952  
FromELF: creating hex file...
"..\OBJ\Template.axf" - 0 Error(s), 5 Warning(s).

<h2>Collection of Component include folders:</h2>
  C:\Users\dreamofxiao\Desktop\新建文件夹\SoccerCar\src\USER\RTE
  E:\mdk514\ARM\PACK\Keil\STM32F1xx_DFP\2.1.0

<h2>Collection of Component Files used:</h2>
</pre>
</body>
</html>
