<html>
<body>
<pre>
<h1>µVision Build Log</h1>
<h2>Tool Versions:</h2>
IDE-Version: ¦ÌVision V5.14.0.0
Copyright (C) 2015 ARM Ltd and ARM Germany GmbH. All rights reserved.
License Information: haisu Microsoft, Microsoft, LIC=KRMNN-YMVPU-BR6XT-RII4M-PB1KW-ERE27
 
Tool Versions:
Toolchain:       MDK-ARM Standard  Version: 5.14.0.0
Toolchain Path:  C:\developer\Keil_v5\ARM\ARMCC\Bin
C Compiler:      Armcc.exe V5.05 update 1 (build 106)
Assembler:       Armasm.exe V5.05 update 1 (build 106)
Linker/Locator:  ArmLink.exe V5.05 update 1 (build 106)
Library Manager: ArmAr.exe V5.05 update 1 (build 106)
Hex Converter:   FromElf.exe V5.05 update 1 (build 106)
CPU DLL:         SARMCM3.DLL V5.14.0.0
Dialog DLL:      DCM.DLL V1.13.1.0
Target DLL:      STLink\ST-LINKIII-KEIL_SWO.dll V2.0.14.0_KEIL
Dialog DLL:      TCM.DLL V1.14.4.0
 
<h2>Project:</h2>
C:\developer\SoccerCar\src\USER\Template.uvprojx
Project File Date:  11/04/2017

<h2>Output:</h2>
Rebuild target 'Template'
compiling main.c...
..\USER\state\state.h(17): warning:  #1-D: last line of file ends without a newline
  #endif
main.c(34): warning:  #223-D: function "I2C_MPU6050_Init" declared implicitly
        I2C_MPU6050_Init();
main.c(35): warning:  #940-D: missing return statement at end of non-void function "system_init"
  }
main.c: 3 warnings, 0 errors
compiling stm32f10x_it.c...
compiling system_stm32f10x.c...
compiling state.c...
state\state.h(17): warning:  #1-D: last line of file ends without a newline
  #endif
state\state.c(23): warning:  #223-D: function "printf" declared implicitly
              printf("%c too fast!surface_speed:%d,speed:%d,target_speed:%d\n",
state\state.c(29): warning:  #223-D: function "printf" declared implicitly
              printf("%c too fast!surface_speed:%d,speed:%d,target_speed:%d\n",
state\state.c(40): warning:  #223-D: function "printf" declared implicitly
              printf("%c too slow!surface_speed:%d,speed:%d,target_speed:%d\n",
state\state.c(46): warning:  #223-D: function "printf" declared implicitly
              printf("%c too slow!surface_speed:%d,speed:%d,target_speed:%d\n",
state\state.c(51): warning:  #1-D: last line of file ends without a newline
  }
state\state.c: 6 warnings, 0 errors
compiling delay.c...
compiling sys.c...
compiling usart.c...
compiling pwm.c...
compiling timer.c...
..\USER\state\state.h(17): warning:  #1-D: last line of file ends without a newline
  #endif
..\SYSTEM\TIMER\timer.c: 1 warning, 0 errors
compiling kicker.c...
compiling I2C_MPU6050.c...
compiling ultrasonic.c...
compiling core_cm3.c...
assembling startup_stm32f10x_hd.s...
compiling misc.c...
compiling stm32f10x_adc.c...
compiling stm32f10x_bkp.c...
compiling stm32f10x_can.c...
compiling stm32f10x_cec.c...
compiling stm32f10x_crc.c...
compiling stm32f10x_dac.c...
compiling stm32f10x_dbgmcu.c...
compiling stm32f10x_dma.c...
compiling stm32f10x_exti.c...
compiling stm32f10x_flash.c...
compiling stm32f10x_fsmc.c...
compiling stm32f10x_gpio.c...
compiling stm32f10x_i2c.c...
compiling stm32f10x_iwdg.c...
compiling stm32f10x_pwr.c...
compiling stm32f10x_rcc.c...
compiling stm32f10x_rtc.c...
compiling stm32f10x_sdio.c...
compiling stm32f10x_spi.c...
compiling stm32f10x_tim.c...
compiling stm32f10x_usart.c...
compiling stm32f10x_wwdg.c...
linking...
Program Size: Code=8016 RO-data=336 RW-data=84 ZI-data=1932  
FromELF: creating hex file...
"..\OBJ\Template.axf" - 0 Error(s), 10 Warning(s).

<h2>Collection of Component include folders:</h2>
  C:\developer\SoccerCar\src\USER\RTE
  C:\developer\Keil_v5\ARM\PACK\Keil\STM32F1xx_DFP\2.2.0

<h2>Collection of Component Files used:</h2>
</pre>
</body>
</html>
